C51 COMPILER V9.54   COMMAND_ONECARDDATAUPLOADDELETE                                       01/18/2017 12:57:29 PAGE 1   


C51 COMPILER V9.54, COMPILATION OF MODULE COMMAND_ONECARDDATAUPLOADDELETE
OBJECT MODULE PLACED IN ..\output\Command_OneCardDataUploadDelete.obj
COMPILER INVOKED BY: D:\c51_keil\C51\BIN\C51.EXE SourceFile\App\Command_Device\Command_OneCardDataUploadDelete.c LARGE O
                    -PTIMIZE(8,SPEED) BROWSE INCDIR(.\HeadFile\Arch;.\HeadFile\OS_api;.\HeadFile\KQA_OS;.\HeadFile\App_api;.\HeadFile\App\Com
                    -mand_Conter;.\HeadFile\App\Command_DataStructure;.\HeadFile\App\Command_Device;.\HeadFile\App\Command_Repeater;.\HeadFil
                    -e\App\Command_WhiteList;.\HeadFile\App\Command_Kernel;.\HeadFile\MiddlewareBoardcast;.\HeadFile\MiddlewareMenu;.\HeadFil
                    -e\MiddlewareTask;.\HeadFile\MiddlewareWireless;.\HeadFile\MiddlewareSocket;.\HeadFile\MiddlewareWesocket) DEBUG OBJECTEX
                    -TEND PRINT(..\listing\Command_OneCardDataUploadDelete.lst) OBJECT(..\output\Command_OneCardDataUploadDelete.obj)

line level    source

   1          #include "Command_OneCardDataUploadDelete.h"
   2          
   3          
   4          
   5          // 操作标记，这个影响到轮询，比如：如果接收到设备开机删除回包，那么马上开启轮询，实现轮询下一台消费机
   6          //
   7          uint8_t   OneCardDataUploadDelete_OperationFlag = 0x55; 
   8          
   9          
  10          
  11          void OneCardDataUploadDelete_DealData(uint8_t *Data)
  12          {
  13   1          uint8_t tmpCommandNo        = Data[0];
  14   1          
  15   1          uint8_t tmpCommandSerialNo  = Data[1];
  16   1          
  17   1          uint8_t tmpDeviceNoL        = Data[3];
  18   1          
  19   1          uint8_t tmpDeviceNoH        = Data[4];
  20   1          
  21   1          uint8_t tmpDeviceType       = Data[5];
  22   1          
  23   1          uint8_t tmpRepeater1        = Data[6];
  24   1          
  25   1          uint8_t tmpRepeater2        = Data[7];
  26   1          
  27   1          uint8_t tmpRepeater3        = Data[8];
  28   1          
  29   1          uint16_t tmpParityValue;
  30   1          
  31   1          OneCardDataUploadDelete_OperationFlag  = Data[9];           // 在设备删除应答包中有用
  32   1          
  33   1          // 设备编号
  34   1          //
  35   1          NRF905_SendBuffer[0] = tmpDeviceNoL;
  36   1          NRF905_SendBuffer[1] = tmpDeviceNoH;
  37   1          
  38   1          // 命令编号
  39   1          //
  40   1          NRF905_SendBuffer[2] = tmpCommandNo;
  41   1          
  42   1          // 命令流水号
  43   1          //
  44   1          NRF905_SendBuffer[3] = tmpCommandSerialNo;
  45   1          
  46   1          // 目的中继, 中继1， 中继2， 中继3
  47   1          //
  48   1          NRF905_SendBuffer[4] = tmpRepeater1;
  49   1          NRF905_SendBuffer[5] = tmpRepeater1;
  50   1          NRF905_SendBuffer[6] = tmpRepeater2;
C51 COMPILER V9.54   COMMAND_ONECARDDATAUPLOADDELETE                                       01/18/2017 12:57:29 PAGE 2   

  51   1          NRF905_SendBuffer[7] = tmpRepeater3;
  52   1              
  53   1          
  54   1          // 操作标记（1） + 卡号（4）+ 交易流水号（4） + 可使用的未超额余额（2）
  55   1          //
  56   1          memcpy(NRF905_SendBuffer + 8, Data + 9, 11);
  57   1          
  58   1          
  59   1          // 外部和校验
  60   1          //
  61   1          tmpParityValue = Temporary_CalcSumParity(NRF905_SendBuffer, 30);
  62   1          NRF905_SendBuffer[30] = tmpParityValue;
  63   1          NRF905_SendBuffer[31] = tmpParityValue >> 8;
  64   1          
  65   1          // 发送数据到无线设备
  66   1          //
  67   1              App_Hal_Api.wireless->write(NRF905_SendBuffer);
  68   1              
  69   1              // 根据中继来设置无线发送等待超时时间
  70   1              //
  71   1              Pca_Start(NRF905_SendBuffer, 0);
  72   1      }
  73          
  74          
  75          // 删除指令回包
  76          //
  77          void OneCardDataUploadDelete_SendDataToPC(uint8_t *Data)
  78          {
  79   1          Data = Data;
  80   1      }
  81          
  82          
  83          
  84          
  85          
  86          


MODULE INFORMATION:   STATIC OVERLAYABLE
   CODE SIZE        =    218    ----
   CONSTANT SIZE    =   ----    ----
   XDATA SIZE       =      1       5
   PDATA SIZE       =   ----    ----
   DATA SIZE        =   ----    ----
   IDATA SIZE       =   ----    ----
   BIT SIZE         =   ----    ----
END OF MODULE INFORMATION.


C51 COMPILATION COMPLETE.  0 WARNING(S),  0 ERROR(S)
