BL51 BANKED LINKER/LOCATER V6.22                                                        01/20/2017  14:39:23  PAGE 1


BL51 BANKED LINKER/LOCATER V6.22, INVOKED BY:
D:\C51_KEIL\C51\BIN\BL51.EXE ..\output\types.obj, ..\output\Timer0.obj, ..\output\PCA.obj, ..\output\Uart1.obj, ..\outpu
>> t\Eeprom.obj, ..\output\SPI.obj, ..\output\NRF905.obj, ..\output\Uart2.obj, ..\output\UsrC210.obj, ..\output\Ch395Uar
>> t.obj, ..\output\Ch395Cmd.obj, ..\output\Hardware.obj, ..\output\Led.obj, ..\output\Beep.obj, ..\output\Console.obj, 
>> ..\output\Parameter.obj, ..\output\Wireless.obj, ..\output\Wifi.obj, ..\output\Network.obj, ..\output\Scheduler.obj, 
>> ..\output\APP_HAL_API.obj, ..\output\Pc.obj, ..\output\Command_Temporary.obj, ..\output\Command_ControlerInfo.obj, ..
>> \output\Command_NormalDeviceInfo.obj, ..\output\Commmand_SpecialDeviceInfo.obj, ..\output\Command_HookFunction.obj, .
>> .\output\Command_SearchIp.obj, ..\output\Command_NetworkParameter.obj, ..\output\Command_ControlerTest.obj, ..\output
>> \Command_ControlerWorkMode.obj, ..\output\Command_ControlerParameter.obj, ..\output\Command_ControlerDeviceList.obj, 
>> ..\output\Command_Heartbeat.obj, ..\output\Command_RepeaterTest.obj, ..\output\Command_RepeaterParameter.obj, ..\outp
>> ut\Command_DeviceTest.obj, ..\output\Command_DevicePool.obj, ..\output\Command_OneCardDataUpload.obj, ..\output\Comma
>> nd_OneCardOperation.obj, ..\output\Command_OneCardDataUploadDelete.obj, ..\output\Command_ReadOneOfflineData.obj, ..\
>> output\Command_DeleteSomeAreaData.obj, ..\output\Command_DeleteOneOfflineData.obj, ..\output\Command_ChangeDeviceSeri
>> alNo.obj, ..\output\Command_ReadAllTradeRecord.obj, ..\output\Command_RealtimeControl.obj, ..\output\Command_SerialNo
>> WatchAndConfigure.obj, ..\output\Command_ReadWriteConfigureParameter.obj, ..\output\Command_RestoreDataStructure.obj,
>>  ..\output\Command_RestoreDefaultConfigure.obj, ..\output\Command_WhiteListInit.obj, ..\output\Command_ReadWhiteListP
>> ointer.obj, ..\output\Command_ReadWhiteList.obj, ..\output\Command_WhiteListUpload.obj, ..\output\Command_ProgramUpda
>> te.obj, ..\output\Command_Wireless.obj, ..\output\Command_Network.obj, ..\output\Middleware_Menu.obj, ..\output\Middl
>> eware_Task.obj, ..\output\Middleware_Wireless.obj, ..\output\Middleware_Boardcast.obj, ..\output\Middleware_Socket.ob
>> j, ..\output\main.obj TO ..\output\OperationSystem PRINT (..\listing\OperationSystem.m51) RAMSIZE (256) DISABLEWARNIN
>> G (16)


MEMORY MODEL: LARGE


INPUT MODULES INCLUDED:
  ..\output\types.obj (TYPES)
  ..\output\Timer0.obj (TIMER0)
  ..\output\PCA.obj (PCA)
  ..\output\Uart1.obj (UART1)
  ..\output\Eeprom.obj (EEPROM)
  ..\output\SPI.obj (SPI)
  ..\output\NRF905.obj (NRF905)
  ..\output\Uart2.obj (UART2)
  ..\output\UsrC210.obj (USRC210)
  ..\output\Ch395Uart.obj (CH395UART)
  ..\output\Ch395Cmd.obj (CH395CMD)
  ..\output\Hardware.obj (HARDWARE)
  ..\output\Led.obj (LED)
  ..\output\Beep.obj (BEEP)
  ..\output\Console.obj (CONSOLE)
  ..\output\Parameter.obj (PARAMETER)
  ..\output\Wireless.obj (WIRELESS)
  ..\output\Wifi.obj (WIFI)
  ..\output\Network.obj (NETWORK)
  ..\output\Scheduler.obj (SCHEDULER)
  ..\output\APP_HAL_API.obj (APP_HAL_API)
  ..\output\Pc.obj (PC)
  ..\output\Command_Temporary.obj (COMMAND_TEMPORARY)
  ..\output\Command_ControlerInfo.obj (COMMAND_CONTROLERINFO)
  ..\output\Command_NormalDeviceInfo.obj (COMMAND_NORMALDEVICEINFO)
  ..\output\Commmand_SpecialDeviceInfo.obj (COMMMAND_SPECIALDEVICEINFO)
  ..\output\Command_HookFunction.obj (COMMAND_HOOKFUNCTION)
  ..\output\Command_SearchIp.obj (COMMAND_SEARCHIP)
  ..\output\Command_NetworkParameter.obj (COMMAND_NETWORKPARAMETER)
  ..\output\Command_ControlerTest.obj (COMMAND_CONTROLERTEST)
  ..\output\Command_ControlerWorkMode.obj (COMMAND_CONTROLERWORKMODE)
BL51 BANKED LINKER/LOCATER V6.22                                                      01/20/2017  14:39:23  PAGE 2


  ..\output\Command_ControlerParameter.obj (COMMAND_CONTROLERPARAMETER)
  ..\output\Command_ControlerDeviceList.obj (COMMAND_CONTROLERDEVICELIST)
  ..\output\Command_Heartbeat.obj (COMMAND_HEARTBEAT)
  ..\output\Command_RepeaterTest.obj (COMMAND_REPEATERTEST)
  ..\output\Command_RepeaterParameter.obj (COMMAND_REPEATERPARAMETER)
  ..\output\Command_DeviceTest.obj (COMMAND_DEVICETEST)
  ..\output\Command_DevicePool.obj (COMMAND_DEVICEPOOL)
  ..\output\Command_OneCardDataUpload.obj (COMMAND_ONECARDDATAUPLOAD)
  ..\output\Command_OneCardOperation.obj (COMMAND_ONECARDOPERATION)
  ..\output\Command_OneCardDataUploadDelete.obj (COMMAND_ONECARDDATAUPLOADDELETE)
  ..\output\Command_ReadOneOfflineData.obj (COMMAND_READONEOFFLINEDATA)
  ..\output\Command_DeleteSomeAreaData.obj (COMMAND_DELETESOMEAREADATA)
  ..\output\Command_DeleteOneOfflineData.obj (COMMAND_DELETEONEOFFLINEDATA)
  ..\output\Command_ChangeDeviceSerialNo.obj (COMMAND_CHANGEDEVICESERIALNO)
  ..\output\Command_ReadAllTradeRecord.obj (COMMAND_READALLTRADERECORD)
  ..\output\Command_RealtimeControl.obj (COMMAND_REALTIMECONTROL)
  ..\output\Command_SerialNoWatchAndConfigure.obj (COMMAND_SERIALNOWATCHANDCONFIGURE)
  ..\output\Command_ReadWriteConfigureParameter.obj (COMMAND_READWRITECONFIGUREPARAMETER)
  ..\output\Command_RestoreDataStructure.obj (COMMAND_RESTOREDATASTRUCTURE)
  ..\output\Command_RestoreDefaultConfigure.obj (COMMAND_RESTOREDEFAULTCONFIGURE)
  ..\output\Command_WhiteListInit.obj (COMMAND_WHITELISTINIT)
  ..\output\Command_ReadWhiteListPointer.obj (COMMAND_READWHITELISTPOINTER)
  ..\output\Command_ReadWhiteList.obj (COMMAND_READWHITELIST)
  ..\output\Command_WhiteListUpload.obj (COMMAND_WHITELISTUPLOAD)
  ..\output\Command_ProgramUpdate.obj (COMMAND_PROGRAMUPDATE)
  ..\output\Command_Wireless.obj (COMMAND_WIRELESS)
  ..\output\Command_Network.obj (COMMAND_NETWORK)
  ..\output\Middleware_Menu.obj (MIDDLEWARE_MENU)
  ..\output\Middleware_Task.obj (MIDDLEWARE_TASK)
  ..\output\Middleware_Wireless.obj (MIDDLEWARE_WIRELESS)
  ..\output\Middleware_Boardcast.obj (MIDDLEWARE_BOARDCAST)
  ..\output\Middleware_Socket.obj (MIDDLEWARE_SOCKET)
  ..\output\main.obj (MAIN)
  D:\C51_KEIL\C51\LIB\C51L.LIB (?C_STARTUP)
  D:\C51_KEIL\C51\LIB\C51L.LIB (?C?COPY)
  D:\C51_KEIL\C51\LIB\C51L.LIB (?C?CLDPTR)
  D:\C51_KEIL\C51\LIB\C51L.LIB (?C?CLDOPTR)
  D:\C51_KEIL\C51\LIB\C51L.LIB (?C?CSTPTR)
  D:\C51_KEIL\C51\LIB\C51L.LIB (?C?CSTOPTR)
  D:\C51_KEIL\C51\LIB\C51L.LIB (?C?UIDIV)
  D:\C51_KEIL\C51\LIB\C51L.LIB (?C?IILDX)
  D:\C51_KEIL\C51\LIB\C51L.LIB (?C?ILDIX)
  D:\C51_KEIL\C51\LIB\C51L.LIB (?C?ILDOPTR)
  D:\C51_KEIL\C51\LIB\C51L.LIB (?C?IILDOPTR)
  D:\C51_KEIL\C51\LIB\C51L.LIB (?C?ISTOPTR)
  D:\C51_KEIL\C51\LIB\C51L.LIB (?C?ULDIV)
  D:\C51_KEIL\C51\LIB\C51L.LIB (?C?LNOT)
  D:\C51_KEIL\C51\LIB\C51L.LIB (?C?ULCMP)
  D:\C51_KEIL\C51\LIB\C51L.LIB (?C?LLDOPTR)
  D:\C51_KEIL\C51\LIB\C51L.LIB (?C?LSTOPTR)
  D:\C51_KEIL\C51\LIB\C51L.LIB (?C?LLDOPTR0)
  D:\C51_KEIL\C51\LIB\C51L.LIB (?C?LSTXDATA)
  D:\C51_KEIL\C51\LIB\C51L.LIB (?C?LSTKXDATA)
  D:\C51_KEIL\C51\LIB\C51L.LIB (?C?LSTKOPTR)
  D:\C51_KEIL\C51\LIB\C51L.LIB (?C?OFFXADD)
  D:\C51_KEIL\C51\LIB\C51L.LIB (?C?PLDPTR)
  D:\C51_KEIL\C51\LIB\C51L.LIB (?C?PSTPTR)
BL51 BANKED LINKER/LOCATER V6.22                                                      01/20/2017  14:39:23  PAGE 3


  D:\C51_KEIL\C51\LIB\C51L.LIB (?C?PLDOPTR)
  D:\C51_KEIL\C51\LIB\C51L.LIB (?C?PSTOPTR)
  D:\C51_KEIL\C51\LIB\C51L.LIB (?C?CCASE)
  D:\C51_KEIL\C51\LIB\C51L.LIB (?C?ICALL)
  D:\C51_KEIL\C51\LIB\C51L.LIB (PRINTF)
  D:\C51_KEIL\C51\LIB\C51L.LIB (?C?STRCMP)
  D:\C51_KEIL\C51\LIB\C51L.LIB (STRNCPY)
  D:\C51_KEIL\C51\LIB\C51L.LIB (STRLEN)
  D:\C51_KEIL\C51\LIB\C51L.LIB (STRSTR)
  D:\C51_KEIL\C51\LIB\C51L.LIB (STRTOK)
  D:\C51_KEIL\C51\LIB\C51L.LIB (?C?MEMCMP)
  D:\C51_KEIL\C51\LIB\C51L.LIB (?C?MEMSET)
  D:\C51_KEIL\C51\LIB\C51L.LIB (?C_INIT)
  D:\C51_KEIL\C51\LIB\C51L.LIB (?C?LLDIDATA)
  D:\C51_KEIL\C51\LIB\C51L.LIB (?C?LLDXDATA)
  D:\C51_KEIL\C51\LIB\C51L.LIB (?C?LLDPDATA)
  D:\C51_KEIL\C51\LIB\C51L.LIB (?C?LLDCODE)
  D:\C51_KEIL\C51\LIB\C51L.LIB (?C?LLDIDATA0)
  D:\C51_KEIL\C51\LIB\C51L.LIB (?C?LLDXDATA0)
  D:\C51_KEIL\C51\LIB\C51L.LIB (?C?LLDPDATA0)
  D:\C51_KEIL\C51\LIB\C51L.LIB (?C?LLDCODE0)
  D:\C51_KEIL\C51\LIB\C51L.LIB (?C?LSTIDATA)
  D:\C51_KEIL\C51\LIB\C51L.LIB (?C?LSTPDATA)
  D:\C51_KEIL\C51\LIB\C51L.LIB (?C?LSTKIDATA)
  D:\C51_KEIL\C51\LIB\C51L.LIB (?C?LSTKPDATA)
  D:\C51_KEIL\C51\LIB\C51L.LIB (?C?PLDIDATA)
  D:\C51_KEIL\C51\LIB\C51L.LIB (?C?PSTIDATA)
  D:\C51_KEIL\C51\LIB\C51L.LIB (?C?PLDXDATA)
  D:\C51_KEIL\C51\LIB\C51L.LIB (?C?PLDIXDATA)
  D:\C51_KEIL\C51\LIB\C51L.LIB (?C?PSTXDATA)
  D:\C51_KEIL\C51\LIB\C51L.LIB (?C?PLDPDATA)
  D:\C51_KEIL\C51\LIB\C51L.LIB (?C?PSTPDATA)
  D:\C51_KEIL\C51\LIB\C51L.LIB (?C?PLDCODE)
  D:\C51_KEIL\C51\LIB\C51L.LIB (STRSPN)
  D:\C51_KEIL\C51\LIB\C51L.LIB (STRPBRK)


LINK MAP OF MODULE:  ..\output\OperationSystem (TYPES)


            TYPE    BASE      LENGTH    RELOCATION   SEGMENT NAME
            -----------------------------------------------------

            * * * * * * *   D A T A   M E M O R Y   * * * * * * *
            REG     0000H     0008H     ABSOLUTE     "REG BANK 0"
            DATA    0008H     0005H     UNIT         _DATA_GROUP_
                    000DH     0013H                  *** GAP ***
            DATA    0020H     0001H     BIT_ADDR     ?BA?SPI
            BIT     0021H.0   0001H.1   UNIT         _BIT_GROUP_
            BIT     0022H.1   0000H.5   UNIT         ?BI?UART2
            BIT     0022H.6   0000H.1   UNIT         ?BI?UART1
                    0022H.7   0000H.1                *** GAP ***
            IDATA   0023H     0001H     UNIT         ?STACK

            * * * * * * *  X D A T A   M E M O R Y  * * * * * * *
            XDATA   0000H     0432H     UNIT         ?XD?NETWORK
            XDATA   0432H     0205H     UNIT         ?XD?UART2
BL51 BANKED LINKER/LOCATER V6.22                                                      01/20/2017  14:39:23  PAGE 4


            XDATA   0637H     0193H     UNIT         ?XD?COMMAND_NORMALDEVICEINFO
            XDATA   07CAH     00D7H     UNIT         ?XD?APP_HAL_API
            XDATA   08A1H     0069H     UNIT         ?XD?CONSOLE
            XDATA   090AH     0054H     UNIT         ?XD?MIDDLEWARE_MENU
            XDATA   095EH     0050H     UNIT         ?XD?MIDDLEWARE_BOARDCAST
            XDATA   09AEH     0050H     UNIT         ?XD?MIDDLEWARE_SOCKET
            XDATA   09FEH     002DH     UNIT         ?XD?MIDDLEWARE_TASK
            XDATA   0A2BH     0028H     UNIT         _XDATA_GROUP_
            XDATA   0A53H     0021H     UNIT         ?XD?COMMAND_CONTROLERINFO
            XDATA   0A74H     0020H     UNIT         ?XD?PC
            XDATA   0A94H     0020H     UNIT         ?XD?MIDDLEWARE_WIRELESS
            XDATA   0AB4H     0013H     UNIT         ?XD?COMMMAND_SPECIALDEVICEINFO
            XDATA   0AC7H     0012H     UNIT         ?XD?SCHEDULER
            XDATA   0AD9H     000FH     UNIT         ?XD?BEEP
            XDATA   0AE8H     000DH     UNIT         ?XD?LED
            XDATA   0AF5H     000CH     UNIT         ?XD?UART1
            XDATA   0B01H     000BH     UNIT         ?XD?NRF905
            XDATA   0B0CH     0009H     UNIT         ?XD?TYPES
            XDATA   0B15H     0009H     UNIT         ?XD?_USRC210_ATWSTA?USRC210
            XDATA   0B1EH     0009H     UNIT         ?XD?_USRC210_ATSOCKA?USRC210
            XDATA   0B27H     0006H     UNIT         ?XD?_USRC210_ATPING?USRC210
            XDATA   0B2DH     0006H     UNIT         ?XD?_USRC210_LINKAP?USRC210
            XDATA   0B33H     0006H     UNIT         ?XD?_USRC210_CONNECTSERVER?USRC210
            XDATA   0B39H     0005H     UNIT         ?XD?_CH395CMDGETREMOTEIPP?CH395CMD
            XDATA   0B3EH     0004H     UNIT         ?XD?TIMER0
            XDATA   0B42H     0004H     UNIT         ?XD?_CH395CMDGETSOCKETSTATUS?CH395CMD
            XDATA   0B46H     0004H     UNIT         ?XD?COMMAND_TEMPORARY
            XDATA   0B4AH     0004H     UNIT         ?XD?MAIN
            XDATA   0B4EH     0003H     UNIT         ?XD?_UART1_SENDNSTRING?UART1
            XDATA   0B51H     0003H     UNIT         ?XD?_UART2_MODE0_RECEIVESTRING?UART2
            XDATA   0B54H     0003H     UNIT         ?XD?_UART2_MODE1_RECEIVESTRING?UART2
            XDATA   0B57H     0003H     UNIT         ?XD?_UART2_SENDSTRING?UART2
            XDATA   0B5AH     0003H     UNIT         ?XD?_UART2_SENDNSTRING?UART2
            XDATA   0B5DH     0003H     UNIT         ?XD?USRC210_ENTERCOMMANDMODE?USRC210
            XDATA   0B60H     0003H     UNIT         ?XD?USRC210_ATUART?USRC210
            XDATA   0B63H     0003H     UNIT         ?XD?USRC210_ATWSCAN?USRC210
            XDATA   0B66H     0003H     UNIT         ?XD?USRC210_ATWMODE?USRC210
            XDATA   0B69H     0003H     UNIT         ?XD?USRC210_ATWANN?USRC210
            XDATA   0B6CH     0003H     UNIT         ?XD?USRC210_ATWSLK?USRC210
            XDATA   0B6FH     0003H     UNIT         ?XD?USRC210_ATSOCKLKA?USRC210
            XDATA   0B72H     0003H     UNIT         ?XD?USRC210_ATSOCKDISA?USRC210
            XDATA   0B75H     0003H     UNIT         ?XD?USRC210_ATMAC?USRC210
            XDATA   0B78H     0003H     UNIT         ?XD?USRC210_ATZ?USRC210
            XDATA   0B7BH     0003H     UNIT         ?XD?USRC210_EXITCOMMANDMODE?USRC210
            XDATA   0B7EH     0003H     UNIT         ?XD?_USRC210_PING?USRC210
            XDATA   0B81H     0003H     UNIT         ?XD?_CH395CLOSESOCKET?CH395CMD
            XDATA   0B84H     0003H     UNIT         ?XD?_CH395TCPCONNECT?CH395CMD
            XDATA   0B87H     0003H     UNIT         ?XD?_CH395TCPLISTEN?CH395CMD
            XDATA   0B8AH     0003H     UNIT         ?XD?_CH395TCPDISCONNECT?CH395CMD
            XDATA   0B8DH     0003H     UNIT         ?XD?HARDWARE
            XDATA   0B90H     0003H     UNIT         ?XD?PARAMETER
            XDATA   0B93H     0003H     UNIT         ?XD?WIRELESS
            XDATA   0B96H     0003H     UNIT         ?XD?_WIFI_LINKAP?WIFI
            XDATA   0B99H     0003H     UNIT         ?XD?_WIFI_CONNECTSERVER?WIFI
            XDATA   0B9CH     0003H     UNIT         ?XD?WIFI
            XDATA   0B9FH     0003H     UNIT         ?XD?COMMAND_DEVICEPOOL
            XDATA   0BA2H     0003H     UNIT         ?XD?STRTOK
BL51 BANKED LINKER/LOCATER V6.22                                                      01/20/2017  14:39:23  PAGE 5


            XDATA   0BA5H     0002H     UNIT         ?XD?PCA
            XDATA   0BA7H     0002H     UNIT         ?XD?EEPROM
            XDATA   0BA9H     0001H     UNIT         ?XD?_CH395CLEARRECVBUF?CH395CMD
            XDATA   0BAAH     0001H     UNIT         ?XD?COMMAND_ONECARDDATAUPLOADDELETE
            XDATA   0BABH     0001H     UNIT         ?XD?COMMAND_READONEOFFLINEDATA
            XDATA   0BACH     0001H     UNIT         ?XD?COMMAND_DELETESOMEAREADATA
            XDATA   0BADH     0001H     UNIT         ?XD?COMMAND_DELETEONEOFFLINEDATA
            XDATA   0BAEH     0001H     UNIT         ?XD?COMMAND_CHANGEDEVICESERIALNO
            XDATA   0BAFH     0001H     UNIT         ?XD?COMMAND_READALLTRADERECORD
            XDATA   0BB0H     0001H     UNIT         ?XD?COMMAND_REALTIMECONTROL
            XDATA   0BB1H     0001H     UNIT         ?XD?COMMAND_SERIALNOWATCHANDCONFIGURE
            XDATA   0BB2H     0001H     UNIT         ?XD?COMMAND_READWRITECONFIGUREPARAMETER
            XDATA   0BB3H     0001H     UNIT         ?XD?COMMAND_RESTOREDATASTRUCTURE
            XDATA   0BB4H     0001H     UNIT         ?XD?COMMAND_RESTOREDEFAULTCONFIGURE
            XDATA   0BB5H     0001H     UNIT         ?XD?COMMAND_WHITELISTINIT
            XDATA   0BB6H     0001H     UNIT         ?XD?COMMAND_READWHITELISTPOINTER
            XDATA   0BB7H     0001H     UNIT         ?XD?COMMAND_READWHITELIST
            XDATA   0BB8H     0001H     UNIT         ?XD?COMMAND_WHITELISTUPLOAD

            * * * * * * *   C O D E   M E M O R Y   * * * * * * *
            CODE    0000H     0003H     ABSOLUTE     
            CODE    0003H     0008H     UNIT         ?PR?_UART1_SENDBYTE?UART1
            CODE    000BH     0003H     ABSOLUTE     
            CODE    000EH     0015H     UNIT         ?PR?SPI395INBYTE?CH395UART
            CODE    0023H     0003H     ABSOLUTE     
            CODE    0026H     0015H     UNIT         ?PR?_CH395CLEARRECVBUF?CH395CMD
            CODE    003BH     0003H     ABSOLUTE     
            CODE    003EH     0005H     UNIT         ?PR?DELAY1US?TYPES
            CODE    0043H     0003H     ABSOLUTE     
            CODE    0046H     0A22H     UNIT         ?C?LIB_CODE
            CODE    0A68H     06AEH     UNIT         ?C_INITSEG
            CODE    1116H     0405H     UNIT         ?PR?CONTROLERINFO_READNAME?COMMAND_CONTROLERINFO
            CODE    151BH     03C1H     UNIT         ?PR?CONSOLE_RUN?CONSOLE
            CODE    18DCH     03BBH     UNIT         ?PR?CONTROLERINFO_WRITENAME?COMMAND_CONTROLERINFO
            CODE    1C97H     0365H     UNIT         ?PR?PRINTF?PRINTF
            CODE    1FFCH     0328H     UNIT         ?PR?___SENDDATATONORMALDEVICE?COMMAND_DEVICEPOOL
            CODE    2324H     0323H     UNIT         ?PR?CONTROLERINFO_READNETWORKPARAMETER?COMMAND_CONTROLERINFO
            CODE    2647H     031AH     UNIT         ?PR?_MENU_CONTROLLER?MIDDLEWARE_MENU
            CODE    2961H     030CH     UNIT         ?PR?CONTROLERINFO_WRITENETWORKPARAMETER?COMMAND_CONTROLERINFO
            CODE    2C6DH     02C3H     UNIT         ?PR?SCHEDULER_RUN?SCHEDULER
            CODE    2F30H     0280H     UNIT         ?PR?NORMALDEVICEINFO_TRAVELDEVICELIST?COMMAND_NORMALDEVICEINFO
            CODE    31B0H     0236H     UNIT         ?PR?___SENDDATATOSPECIALDEVICE?COMMAND_DEVICEPOOL
            CODE    33E6H     0200H     UNIT         ?PR?_PC_SENDCOMMAND?PC
            CODE    35E6H     0200H     UNIT         ?PR?_PC_SENDCOMMAND_BOARDCAST?PC
            CODE    37E6H     01E6H     UNIT         ?PR?_NETWORK_DEALCONTROLDATA?COMMAND_NETWORK
            CODE    39CCH     01E3H     UNIT         ?PR?_ONECARDDATAUPLOAD_SENDDATATOPC?COMMAND_ONECARDDATAUPLOAD
            CODE    3BAFH     01D6H     UNIT         ?PR?_WIRELESS_DEALCONTROLDATA?COMMAND_WIRELESS
            CODE    3D85H     01ACH     UNIT         ?PR?_CONTROLERDEVICELIST_DEALDATA?COMMAND_CONTROLERDEVICELIST
            CODE    3F31H     01A1H     UNIT         ?PR?_WIFI_INIT?WIFI
            CODE    40D2H     0197H     UNIT         ?PR?_NETWORKPARAMETER_SENDDATATOPC?COMMAND_NETWORKPARAMETER
            CODE    4269H     016BH     UNIT         ?PR?_READWHITELISTPOINTER_DEALDATA?COMMAND_READWHITELISTPOINTER
            CODE    43D4H     0165H     UNIT         ?PR?_NETWORK_INIT?NETWORK
            CODE    4539H     0160H     UNIT         ?PR?NETWORK_ALLPARAMETERS?NETWORK
            CODE    4699H     015CH     UNIT         ?PR?LED_RUN?LED
            CODE    47F5H     0151H     UNIT         ?PR?_WHITELISTINIT_DEALDATA?COMMAND_WHITELISTINIT
            CODE    4946H     014FH     UNIT         ?PR?_REALTIMECONTROL_DEALDATA?COMMAND_REALTIMECONTROL
            CODE    4A95H     014EH     UNIT         ?PR?_CHANGEDEVICESERIALNO_DEALDATA?COMMAND_CHANGEDEVICESERIALNO
BL51 BANKED LINKER/LOCATER V6.22                                                      01/20/2017  14:39:23  PAGE 6


            CODE    4BE3H     014DH     UNIT         ?PR?_DELETESOMEAREADATA_DEALDATA?COMMAND_DELETESOMEAREADATA
            CODE    4D30H     014DH     UNIT         ?PR?_DELETEONEOFFLINEDATA_DEALDATA?COMMAND_DELETEONEOFFLINEDATA
            CODE    4E7DH     014DH     UNIT         ?PR?_READWHITELIST_DEALDATA?COMMAND_READWHITELIST
            CODE    4FCAH     0145H     UNIT         ?PR?__SUBBOARDCASTREAD?NETWORK
            CODE    510FH     0143H     UNIT         ?PR?_CONSOLE_INIT?CONSOLE
            CODE    5252H     0142H     UNIT         ?PR?_READONEOFFLINEDATA_DEALDATA?COMMAND_READONEOFFLINEDATA
            CODE    5394H     0142H     UNIT         ?PR?_RESTOREDATASTRUCTURE_DEALDATA?COMMAND_RESTOREDATASTRUCTURE
            CODE    54D6H     013EH     UNIT         ?PR?_DEVICETEST_DEALDATA?COMMAND_DEVICETEST
            CODE    5614H     013EH     UNIT         ?PR?_READALLTRADERECORD_DEALDATA?COMMAND_READALLTRADERECORD
            CODE    5752H     0138H     UNIT         ?PR?APP_HAL_INIT?APP_HAL_API
            CODE    588AH     0132H     UNIT         ?PR?_PROGRAMUPDATE_DEALDATA?COMMAND_PROGRAMUPDATE
            CODE    59BCH     012EH     UNIT         ?PR?_NORMALDEVICEINFO_ADDDEVICELIST?COMMAND_NORMALDEVICEINFO
            CODE    5AEAH     0127H     UNIT         ?PR?_READWRITECONFIGUREPARAMETER_DEALDATA?COMMAND_READWRITECONFIGUR
>> EPARAMETER
            CODE    5C11H     011CH     UNIT         ?PR?_REPEATERTEST_DEALDATA?COMMAND_REPEATERTEST
            CODE    5D2DH     011BH     UNIT         ?PR?_WHITELISTUPLOAD_DEALDATA?COMMAND_WHITELISTUPLOAD
            CODE    5E48H     0113H     UNIT         ?PR?_REPEATERPARAMETER_DEALDATA?COMMAND_REPEATERPARAMETER
            CODE    5F5BH     010EH     UNIT         ?PR?_MENU_IFCONFIG?MIDDLEWARE_MENU
            CODE    6069H     010DH     UNIT         ?PR?_SERIALNOWATCHANDCONFIGURE_DEALDATA?COMMAND_SERIALNOWATCHANDCON
>> FIGURE
            CODE    6176H     010AH     UNIT         ?PR?HEARTBEAT_SENDDATATOPC?COMMAND_HEARTBEAT
            CODE    6280H     0106H     UNIT         ?PR?__SUBSOCKETREAD?NETWORK
            CODE    6386H     0104H     UNIT         ?PR?_CONTROLERWORKMODE_DEALDATA?COMMAND_CONTROLERWORKMODE
            CODE    648AH     00FFH     UNIT         ?PR?_CONTROLERPARAMETER_DEALDATA?COMMAND_CONTROLERPARAMETER
            CODE    6589H     00F3H     UNIT         ?PR?_RESTOREDEFAULTCONFIGURE_DEALDATA?COMMAND_RESTOREDEFAULTCONFIGU
>> RE
            CODE    667CH     00E7H     UNIT         ?PR?_WIRELESS_INIT?WIRELESS
            CODE    6763H     00E4H     UNIT         ?PR?_STRTOK?STRTOK
            CODE    6847H     00E2H     UNIT         ?PR?LOOP?MAIN
            CODE    6929H     00DEH     UNIT         ?PR?_SEARCHIP_SENDDATATOPC?COMMAND_SEARCHIP
            CODE    6A07H     00D9H     UNIT         ?PR?_ONECARDDATAUPLOADDELETE_DEALDATA?COMMAND_ONECARDDATAUPLOADDELE
>> TE
            CODE    6AE0H     00D5H     UNIT         ?PR?BEEP_RUN?BEEP
            CODE    6BB5H     00D5H     UNIT         ?PR?SETUP?MAIN
            CODE    6C8AH     00D1H     UNIT         ?PR?_SCHEDULER_INIT?SCHEDULER
            CODE    6D5BH     00C9H     UNIT         ?CO?MIDDLEWARE_MENU
            CODE    6E24H     00C5H     UNIT         ?PR?_ONECARDOPERATION_DEALDATA?COMMAND_ONECARDOPERATION
            CODE    6EE9H     00BFH     UNIT         ?PR?_STRSTR?STRSTR
            CODE    6FA8H     00BBH     UNIT         ?PR?USRC210_ENTERCOMMANDMODE?USRC210
            CODE    7063H     00BAH     UNIT         ?PR?NETWORK_PERIODTASK?NETWORK
            CODE    711DH     00B8H     UNIT         ?PR?UART2_INTERRUPT?UART2
            CODE    71D5H     00B7H     UNIT         ?PR?_LED_SETTIME?LED
            CODE    728CH     00B3H     UNIT         ?PR?_SPECIALDEVICEINFO_ADDDEVICELIST?COMMMAND_SPECIALDEVICEINFO
            CODE    733FH     00B2H     UNIT         ?PR?_HEARTBEAT_DEALDATA?COMMAND_HEARTBEAT
            CODE    73F1H     00B1H     UNIT         ?CO?NETWORK
            CODE    74A2H     00AFH     UNIT         ?PR?_READWRITECONFIGUREPARAMETER_SENDDATATOPC?COMMAND_READWRITECONF
>> IGUREPARAMETER
            CODE    7551H     00AAH     UNIT         ?PR?_SCHEDULER_DELAY1MS?SCHEDULER
            CODE    75FBH     00A3H     UNIT         ?PR?_PC_CHECKCOMMAND?PC
            CODE    769EH     00A0H     UNIT         ?CO?USRC210
            CODE    773EH     009EH     UNIT         ?PR?_CONSOLE_PRINTLNDEC?CONSOLE
            CODE    77DCH     0097H     UNIT         ?PR?_REALTIMECONTROL_SENDDATATOPC?COMMAND_REALTIMECONTROL
            CODE    7873H     0095H     UNIT         ?PR?_CONSOLE_PRINTDEC?CONSOLE
            CODE    7908H     0090H     UNIT         ?PR?MIDDLEWARESOCKET_FASTTASK?MIDDLEWARE_SOCKET
            CODE    7998H     008FH     UNIT         ?PR?_SCHEDULER_REGISTERTASK?SCHEDULER
            CODE    7A27H     008FH     UNIT         ?PR?_ONECARDOPERATION_SENDDATATOPC?COMMAND_ONECARDOPERATION
            CODE    7AB6H     008CH     UNIT         ?PR?_PROGRAMUPDATE_SENDDATATOPC?COMMAND_PROGRAMUPDATE
BL51 BANKED LINKER/LOCATER V6.22                                                      01/20/2017  14:39:23  PAGE 7


            CODE    7B42H     008CH     UNIT         ?C_C51STARTUP
            CODE    7BCEH     0088H     UNIT         ?PR?___TXPACKET?NRF905
            CODE    7C56H     0088H     UNIT         ?PR?_USRC210_ATWSTA?USRC210
            CODE    7CDEH     0088H     UNIT         ?PR?_USRC210_ATSOCKA?USRC210
            CODE    7D66H     0087H     UNIT         ?PR?_CH395GETRECVDATA?CH395CMD
            CODE    7DEDH     0085H     UNIT         ?PR?_HARDWARE_INIT?HARDWARE
            CODE    7E72H     0084H     UNIT         ?PR?_STRSPN?STRSPN
            CODE    7EF6H     0081H     UNIT         ?PR?_STRPBRK?STRPBRK
            CODE    7F77H     007DH     UNIT         ?PR?_LED_INIT?LED
            CODE    7FF4H     007DH     UNIT         ?PR?_BEEP_INIT?BEEP
            CODE    8071H     007DH     UNIT         ?PR?_PARAMETER_INIT?PARAMETER
            CODE    80EEH     007DH     UNIT         ?PR?_WHITELISTUPLOAD_SENDDATATOPC?COMMAND_WHITELISTUPLOAD
            CODE    816BH     007AH     UNIT         ?PR?_CH395SETSOCKETDESIP?CH395CMD
            CODE    81E5H     0079H     UNIT         ?PR?_READWHITELIST_SENDDATATOPC?COMMAND_READWHITELIST
            CODE    825EH     0076H     UNIT         ?PR?_WIRELESS_CHECKCOMMAND?PC
            CODE    82D4H     0076H     UNIT         ?PR?MIDDLEWAREWIRELESS_FASTTASK?MIDDLEWARE_WIRELESS
            CODE    834AH     0076H     UNIT         ?PR?MIDDLEWAREBOARDCAST_FASTTASK?MIDDLEWARE_BOARDCAST
            CODE    83C0H     0075H     UNIT         ?PR?_USRC210_ATPING?USRC210
            CODE    8435H     0074H     UNIT         ?PR?_NORMALDEVICEINFO_FINDDEVICELIST?COMMAND_NORMALDEVICEINFO
            CODE    84A9H     0072H     UNIT         ?PR?_CH395SENDDATA?CH395CMD
            CODE    851BH     0070H     UNIT         ?PR?_NRF905_TXPACKET?NRF905
            CODE    858BH     0068H     UNIT         ?PR?__NEXTNORMALDEVICELIST?COMMAND_DEVICEPOOL
            CODE    85F3H     0068H     UNIT         ?PR?_STRNCPY?STRNCPY
            CODE    865BH     0066H     UNIT         ?PR?_DEVICETEST_SENDDATATOPC?COMMAND_DEVICETEST
            CODE    86C1H     0060H     UNIT         ?PR?_CONSOLE_SETPROMPT?CONSOLE
            CODE    8721H     005CH     UNIT         ?PR?___FINDCOMMAND?CONSOLE
            CODE    877DH     005CH     UNIT         ?PR?__NEXTSPECIALDEVICELIST?COMMAND_DEVICEPOOL
            CODE    87D9H     005BH     UNIT         ?PR?_WHITELISTINIT_SENDDATATOPC?COMMAND_WHITELISTINIT
            CODE    8834H     005BH     UNIT         ?PR?_READWHITELISTPOINTER_SENDDATATOPC?COMMAND_READWHITELISTPOINTER
>> 
            CODE    888FH     005AH     UNIT         ?PR?USRC210_EXITCOMMANDMODE?USRC210
            CODE    88E9H     0059H     UNIT         ?PR?NETWORK_REBOOT?NETWORK
            CODE    8942H     0057H     UNIT         ?PR?USRC210_ATUART?USRC210
            CODE    8999H     0057H     UNIT         ?PR?USRC210_ATWSCAN?USRC210
            CODE    89F0H     0057H     UNIT         ?PR?USRC210_ATWMODE?USRC210
            CODE    8A47H     0057H     UNIT         ?PR?USRC210_ATWANN?USRC210
            CODE    8A9EH     0057H     UNIT         ?PR?USRC210_ATWSLK?USRC210
            CODE    8AF5H     0057H     UNIT         ?PR?USRC210_ATSOCKLKA?USRC210
            CODE    8B4CH     0057H     UNIT         ?PR?USRC210_ATSOCKDISA?USRC210
            CODE    8BA3H     0057H     UNIT         ?PR?USRC210_ATMAC?USRC210
            CODE    8BFAH     0057H     UNIT         ?PR?USRC210_ATZ?USRC210
            CODE    8C51H     0057H     UNIT         ?PR?NORMALDEVICEINFO_INIT?COMMAND_NORMALDEVICEINFO
            CODE    8CA8H     0054H     UNIT         ?PR?_REPEATERPARAMETER_SENDDATATOPC?COMMAND_REPEATERPARAMETER
            CODE    8CFCH     0051H     UNIT         ?PR?_READONEOFFLINEDATA_SENDDATATOPC?COMMAND_READONEOFFLINEDATA
            CODE    8D4DH     0051H     UNIT         ?PR?_DELETESOMEAREADATA_SENDDATATOPC?COMMAND_DELETESOMEAREADATA
            CODE    8D9EH     0051H     UNIT         ?PR?_DELETEONEOFFLINEDATA_SENDDATATOPC?COMMAND_DELETEONEOFFLINEDATA
>> 
            CODE    8DEFH     0051H     UNIT         ?PR?_CHANGEDEVICESERIALNO_SENDDATATOPC?COMMAND_CHANGEDEVICESERIALNO
>> 
            CODE    8E40H     0051H     UNIT         ?PR?_READALLTRADERECORD_SENDDATATOPC?COMMAND_READALLTRADERECORD
            CODE    8E91H     0051H     UNIT         ?PR?_SERIALNOWATCHANDCONFIGURE_SENDDATATOPC?COMMAND_SERIALNOWATCHAN
>> DCONFIGURE
            CODE    8EE2H     0051H     UNIT         ?PR?_RESTOREDATASTRUCTURE_SENDDATATOPC?COMMAND_RESTOREDATASTRUCTURE
>> 
            CODE    8F33H     0050H     UNIT         ?PR?_NETWORK_RECEIVEUDP?NETWORK
            CODE    8F83H     0050H     UNIT         ?PR?_NETWORK_RECEIVEBOARDCAST?NETWORK
            CODE    8FD3H     004DH     UNIT         ?PR?_SPECIALDEVICEINFO_FINDDEVICELIST?COMMMAND_SPECIALDEVICEINFO
BL51 BANKED LINKER/LOCATER V6.22                                                      01/20/2017  14:39:23  PAGE 8


            CODE    9020H     004CH     UNIT         ?PR?_UART2_MODE0_RECEIVESTRING?UART2
            CODE    906CH     004CH     UNIT         ?PR?_CH395CMDGETSOCKETSTATUS?CH395CMD
            CODE    90B8H     004CH     UNIT         ?PR?_PCA_START?COMMAND_TEMPORARY
            CODE    9104H     004BH     UNIT         ?PR?TIMER0_INTERRUPT?TIMER0
            CODE    914FH     0049H     UNIT         ?PR?_NRF905_SETWIRELESS?NRF905
            CODE    9198H     0049H     UNIT         ?PR?_NRF905_RXPACKET?NRF905
            CODE    91E1H     0049H     UNIT         ?PR?___CONTAINSUBSTRING?CONSOLE
            CODE    922AH     0049H     UNIT         ?PR?_RESTOREDEFAULTCONFIGURE_SENDDATATOPC?COMMAND_RESTOREDEFAULTCON
>> FIGURE
            CODE    9273H     0046H     UNIT         ?PR?_CH395CMDGETREMOTEIPP?CH395CMD
            CODE    92B9H     0045H     UNIT         ?PR?UART1_INTERRUPT?UART1
            CODE    92FEH     0045H     UNIT         ?PR?FAST_LOOP?MAIN
            CODE    9343H     0044H     UNIT         ?PR?_WIFI_LINKAP?WIFI
            CODE    9387H     0044H     UNIT         ?PR?_WIFI_CONNECTSERVER?WIFI
            CODE    93CBH     0044H     UNIT         ?PR?_REPEATERTEST_SENDDATATOPC?COMMAND_REPEATERTEST
            CODE    940FH     0043H     UNIT         ?PR?_TEMPORARY_CALCSUMPARITY?COMMAND_TEMPORARY
            CODE    9452H     0041H     UNIT         ?PR?_CH395OPENSOCKET?CH395CMD
            CODE    9493H     0041H     UNIT         ?PR?_CH395CLOSESOCKET?CH395CMD
            CODE    94D4H     0041H     UNIT         ?PR?_CH395TCPCONNECT?CH395CMD
            CODE    9515H     0041H     UNIT         ?PR?_CH395TCPLISTEN?CH395CMD
            CODE    9556H     0041H     UNIT         ?PR?_CH395TCPDISCONNECT?CH395CMD
            CODE    9597H     0041H     UNIT         ?PR?_LED_ACTION?LED
            CODE    95D8H     0041H     UNIT         ?CO?COMMAND_NORMALDEVICEINFO
            CODE    9619H     0040H     UNIT         ?PR?PCA_INTERRUPT?COMMAND_TEMPORARY
            CODE    9659H     003BH     UNIT         ?PR?_CH395CMDSETIPADDR?CH395CMD
            CODE    9694H     003BH     UNIT         ?PR?_CH395CMDSETGWIPADDR?CH395CMD
            CODE    96CFH     003BH     UNIT         ?PR?_CH395CMDSETMASKADDR?CH395CMD
            CODE    970AH     003BH     UNIT         ?PR?_CH395CMDGETMACADDR?CH395CMD
            CODE    9745H     003AH     UNIT         ?PR?CONTROLERINFO_INIT?COMMAND_CONTROLERINFO
            CODE    977FH     0036H     UNIT         ?PR?CH395CMDINITCH395?CH395CMD
            CODE    97B5H     0036H     UNIT         ?PR?_CH395GETRECVLENGTH?CH395CMD
            CODE    97EBH     0035H     UNIT         ?PR?POLLDEVICETASK?MIDDLEWARE_TASK
            CODE    9820H     0034H     UNIT         ?PR?NRF905_CONFIG905?NRF905
            CODE    9854H     0033H     UNIT         ?PR?_UART2_SENDSTRING?UART2
            CODE    9887H     0032H     UNIT         ?PR?_NRF905_FSETRF?NRF905
            CODE    98B9H     0031H     UNIT         ?PR?NETWORK_CONNECTUDP?NETWORK
            CODE    98EAH     0031H     UNIT         ?PR?PERIODTASK?MIDDLEWARE_TASK
            CODE    991BH     0030H     UNIT         ?PR?_MENU_REBOOT?MIDDLEWARE_MENU
            CODE    994BH     002FH     UNIT         ?PR?_USRC210_LINKAP?USRC210
            CODE    997AH     002FH     UNIT         ?PR?CH395CMDGETGLOBINTSTATUS_ALL?CH395CMD
            CODE    99A9H     002EH     UNIT         ?PR?_UART2_MODE1_RECEIVESTRING?UART2
            CODE    99D7H     002EH     UNIT         ?PR?_CONTROLERTEST_SENDDATATOPC?COMMAND_CONTROLERTEST
            CODE    9A05H     002DH     UNIT         ?PR?_UART1_SENDNSTRING?UART1
            CODE    9A32H     002DH     UNIT         ?PR?_UART2_SENDNSTRING?UART2
            CODE    9A5FH     002CH     UNIT         ?PR?_USRC210_CONNECTSERVER?USRC210
            CODE    9A8BH     002CH     UNIT         ?PR?_CH395SETSOCKETDESPORT?CH395CMD
            CODE    9AB7H     002CH     UNIT         ?PR?_CH395SETSOCKETSOURPORT?CH395CMD
            CODE    9AE3H     002BH     UNIT         ?PR?_NORMALDEVICEINFO_DELETEDEVICELIST?COMMAND_NORMALDEVICEINFO
            CODE    9B0EH     002AH     UNIT         ?PR?_MENU_UNAME?MIDDLEWARE_MENU
            CODE    9B38H     0029H     UNIT         ?PR?_DELAY1MS?TYPES
            CODE    9B61H     0029H     UNIT         ?PR?_BEEP_SETTIME?BEEP
            CODE    9B8AH     0029H     UNIT         ?PR?_CONSOLE_REGISTERMENU?CONSOLE
            CODE    9BB3H     0029H     UNIT         ?PR?NETWORK_CONNECTBOARDCAST?NETWORK
            CODE    9BDCH     0029H     UNIT         ?PR?_SPECIALDEVICEINFO_DELETEDEVICELIST?COMMMAND_SPECIALDEVICEINFO
            CODE    9C05H     0028H     UNIT         ?PR?_BYTE_READ?EEPROM
            CODE    9C2DH     0027H     UNIT         ?PR?PCA_INIT?PCA
            CODE    9C54H     0026H     UNIT         ?PR?_BYTE_PROGRAM?EEPROM
BL51 BANKED LINKER/LOCATER V6.22                                                      01/20/2017  14:39:23  PAGE 9


            CODE    9C7AH     0024H     UNIT         ?PR?HOOKFUNCTION_HEARTBEATREQ?COMMAND_HOOKFUNCTION
            CODE    9C9EH     0022H     UNIT         ?PR?_SECTOR_ERASE?EEPROM
            CODE    9CC0H     0021H     UNIT         ?PR?_NETWORK_SENDUDP?NETWORK
            CODE    9CE1H     0021H     UNIT         ?PR?_NETWORK_SENDBOARDCAST?NETWORK
            CODE    9D02H     0021H     UNIT         ?PR?_PCA_SUBSTART?COMMAND_TEMPORARY
            CODE    9D23H     0021H     UNIT         ?PR?NORMALDEVICEINFO_EMPTYDEVICELIST?COMMAND_NORMALDEVICEINFO
            CODE    9D44H     0020H     UNIT         ?PR?_CH395SETSOCKETPROTTYPE?CH395CMD
            CODE    9D64H     001FH     UNIT         ?PR?UART1_RECEIVEBYTE?UART1
            CODE    9D83H     001EH     UNIT         ?PR?_CH395GETSOCKETINT?CH395CMD
            CODE    9DA1H     001EH     UNIT         ?PR?SPECIALDEVICEINFO_EMPTYDEVICELIST?COMMMAND_SPECIALDEVICEINFO
            CODE    9DBFH     001DH     UNIT         ?PR?UART1_INIT?UART1
            CODE    9DDCH     001DH     UNIT         ?PR?_SPI_WRITE?SPI
            CODE    9DF9H     001DH     UNIT         ?PR?SPI_READ?SPI
            CODE    9E16H     001AH     UNIT         ?PR?_SPI395OUTBYTE?CH395UART
            CODE    9E30H     001AH     UNIT         ?PR?DEVICEPOOL_SENDDATATODEVICE?COMMAND_DEVICEPOOL
            CODE    9E4AH     0019H     UNIT         ?CO?CONSOLE
            CODE    9E63H     0018H     UNIT         ?PR?_NETWORK_REGISTERERRORFUNCTION?NETWORK
            CODE    9E7BH     0018H     UNIT         ?PR?SPECIALDEVICEINFO_INIT?COMMMAND_SPECIALDEVICEINFO
            CODE    9E93H     0017H     UNIT         ?PR?_USRC210_PING?USRC210
            CODE    9EAAH     0016H     UNIT         ?PR?HOOKFUNCTION_HEARTBEATACK?COMMAND_HOOKFUNCTION
            CODE    9EC0H     0016H     UNIT         ?PR?CONSOLERUNTASK?MIDDLEWARE_TASK
            CODE    9ED6H     0015H     UNIT         ?PR?_WIRELESS_CHANGECHANNEL?WIRELESS
            CODE    9EEBH     0015H     UNIT         ?PR?SCHEDULER_TICKSINCREASE?SCHEDULER
            CODE    9F00H     0015H     UNIT         ?PR?_STRLEN?STRLEN
            CODE    9F15H     0013H     UNIT         ?PR?TIMER0_INIT?TIMER0
            CODE    9F28H     0013H     UNIT         ?PR?_UART1_SENDSTRING?UART1
            CODE    9F3BH     0013H     UNIT         ?PR?UART2_INIT?UART2
            CODE    9F4EH     0011H     UNIT         ?PR?_MDELAYMS?CH395UART
            CODE    9F5FH     0010H     UNIT         ?PR?UART2_SETMODE0?UART2
            CODE    9F6FH     000FH     UNIT         ?PR?TIMER0_SYSTEMTICKS?TIMER0
            CODE    9F7EH     000FH     UNIT         ?PR?UART1_AVAILABLE?UART1
            CODE    9F8DH     000EH     UNIT         ?PR?IAP_DISABLE?EEPROM
            CODE    9F9BH     000EH     UNIT         ?PR?_NRF905_DELAY?NRF905
            CODE    9FA9H     000EH     UNIT         ?PR?_MDELAYUS?CH395UART
            CODE    9FB7H     000EH     UNIT         ?PR?PCA_STOP?COMMAND_TEMPORARY
            CODE    9FC5H     000EH     UNIT         ?PR?MIDDLEWARESOCKET_NETWORKERROR?MIDDLEWARE_SOCKET
            CODE    9FD3H     000DH     UNIT         ?PR?_LEDGREEN?TYPES
            CODE    9FE0H     000DH     UNIT         ?PR?_LEDBLUE?TYPES
            CODE    9FEDH     000DH     UNIT         ?PR?_LEDYELLOW?TYPES
            CODE    9FFAH     000CH     UNIT         ?PR?DELAY650US?NRF905
            CODE    A006H     000CH     UNIT         ?PR?USRC210_GETUART?USRC210
            CODE    A012H     000CH     UNIT         ?PR?_XWRITECH395CMD?CH395UART
            CODE    A01EH     000CH     UNIT         ?PR?_CONSOLE_PRINTLN?CONSOLE
            CODE    A02AH     000BH     UNIT         ?PR?NRF905_INITIO?NRF905
            CODE    A035H     000BH     UNIT         ?PR?NRF905_HAVEDATATOREAD?NRF905
            CODE    A040H     000BH     UNIT         ?PR?CH395CMDGETPHYSTATUS?CH395CMD
            CODE    A04BH     000BH     UNIT         ?PR?CH395CMDGETGLOBINTSTATUS?CH395CMD
            CODE    A056H     000BH     UNIT         ?PR?CH395GETCMDSTATUS?CH395CMD
            CODE    A061H     000BH     UNIT         ?CO?COMMAND_CONTROLERINFO
            CODE    A06CH     000AH     UNIT         ?PR?UART2_SETMODE1?UART2
            CODE    A076H     0009H     UNIT         ?PR?NRF905_SETTXMODE?NRF905
            CODE    A07FH     0009H     UNIT         ?PR?NRF905_SETRXMODE?NRF905
            CODE    A088H     0009H     UNIT         ?PR?USRC210_SCAN?USRC210
            CODE    A091H     0009H     UNIT         ?PR?USRC210_HOTSPOTSTATUS?USRC210
            CODE    A09AH     0009H     UNIT         ?PR?USRC210_DHCP?USRC210
            CODE    A0A3H     0009H     UNIT         ?PR?USRC210_SERVERSTATUS?USRC210
            CODE    A0ACH     0009H     UNIT         ?PR?USRC210_DISCONNECTSERVER?USRC210
BL51 BANKED LINKER/LOCATER V6.22                                                      01/20/2017  14:39:23  PAGE 10


            CODE    A0B5H     0009H     UNIT         ?PR?USRC210_QUERYMAC?USRC210
            CODE    A0BEH     0009H     UNIT         ?PR?USRC210_REBOOT?USRC210
            CODE    A0C7H     0008H     UNIT         ?PR?_UART2_SENDBYTE?UART2
            CODE    A0CFH     0008H     UNIT         ?PR?CH395CMDRESET?CH395CMD
            CODE    A0D7H     0008H     UNIT         ?PR?HOOKFUNCTION_RECEIVEPCDATA?COMMAND_HOOKFUNCTION
            CODE    A0DFH     0008H     UNIT         ?PR?HOOKFUNCTION_CONTROLERWORKMODE?COMMAND_HOOKFUNCTION
            CODE    A0E7H     0008H     UNIT         ?PR?MAIN?MAIN
            CODE    A0EFH     0007H     UNIT         ?PR?INITLED?TYPES
            CODE    A0F6H     0007H     UNIT         ?PR?INITBEEP?TYPES
            CODE    A0FDH     0006H     UNIT         ?PR?_BEEPACTION?TYPES
            CODE    A103H     0006H     UNIT         ?PR?_PUTCHAR?UART1
            CODE    A109H     0005H     UNIT         ?PR?CH395_PORT_INIT?CH395UART
            CODE    A10EH     0004H     UNIT         ?PR?CLEARWATCHDOG?TYPES
            CODE    A112H     0004H     UNIT         ?PR?REBOOT?TYPES
            CODE    A116H     0004H     UNIT         ?PR?XREADCH395DATA?CH395UART
            CODE    A11AH     0003H     UNIT         ?PR?USRC210_INIT?USRC210
            CODE    A11DH     0003H     UNIT         ?PR?_XWRITECH395DATA?CH395UART
            CODE    A120H     0003H     UNIT         ?PR?_CONSOLE_PRINT?CONSOLE
            CODE    A123H     0003H     UNIT         ?PR?_MENU_DEVICE?MIDDLEWARE_MENU
            CODE    A126H     0001H     UNIT         ?PR?_ONECARDDATAUPLOADDELETE_SENDDATATOPC?COMMAND_ONECARDDATAUPLOAD
>> DELETE
            CODE    A127H     0001H     UNIT         ?PR?_MENU_DATA?MIDDLEWARE_MENU



OVERLAY MAP OF MODULE:   ..\output\OperationSystem (TYPES)


SEGMENT                                             BIT_GROUP          DATA_GROUP          XDATA_GROUP
  +--> CALLED SEGMENT                            START    LENGTH     START    LENGTH     START    LENGTH
--------------------------------------------------------------------------------------------------------
?PR?PCA_INTERRUPT?COMMAND_TEMPORARY              -----    -----      -----    -----      -----    -----
  +--> ?PR?PCA_STOP?COMMAND_TEMPORARY

*** NEW ROOT ***************************************************

?C_C51STARTUP                                    -----    -----      -----    -----      -----    -----
  +--> ?PR?MAIN?MAIN
  +--> ?C_INITSEG

?PR?MAIN?MAIN                                    -----    -----      -----    -----      -----    -----
  +--> ?PR?SETUP?MAIN
  +--> ?PR?LOOP?MAIN

?PR?SETUP?MAIN                                   -----    -----      -----    -----      -----    -----
  +--> ?PR?MIDDLEWARESOCKET_NETWORKERROR?MID...
  +--> ?PR?CONTROLERINFO_INIT?COMMAND_CONTRO...
  +--> ?PR?NORMALDEVICEINFO_INIT?COMMAND_NOR...
  +--> ?PR?SPECIALDEVICEINFO_INIT?COMMMAND_S...

?PR?CONTROLERINFO_INIT?COMMAND_CONTRO...         -----    -----      -----    -----      -----    -----
  +--> ?PR?CONTROLERINFO_READNAME?COMMAND_CO...
  +--> ?PR?CONTROLERINFO_READNETWORKPARAMETE...

?PR?CONTROLERINFO_READNAME?COMMAND_CO...         -----    -----      -----    -----      0A2BH    0003H
  +--> ?CO?COMMAND_CONTROLERINFO

BL51 BANKED LINKER/LOCATER V6.22                                                      01/20/2017  14:39:23  PAGE 11


?PR?CONTROLERINFO_READNETWORKPARAMETE...         -----    -----      -----    -----      0A2BH    0003H

?PR?LOOP?MAIN                                    -----    -----      -----    -----      -----    -----
  +--> ?PR?FAST_LOOP?MAIN

?PR?FAST_LOOP?MAIN                               -----    -----      -----    -----      -----    -----
  +--> ?PR?MIDDLEWAREBOARDCAST_FASTTASK?MIDD...
  +--> ?PR?MIDDLEWAREWIRELESS_FASTTASK?MIDDL...
  +--> ?PR?MIDDLEWARESOCKET_FASTTASK?MIDDLEW...

?PR?MIDDLEWAREBOARDCAST_FASTTASK?MIDD...         -----    -----      -----    -----      -----    -----
  +--> ?PR?_PC_CHECKCOMMAND?PC
  +--> ?PR?_NETWORK_DEALCONTROLDATA?COMMAND_...

?PR?_PC_CHECKCOMMAND?PC                          -----    -----      -----    -----      0A2BH    0006H

?PR?_NETWORK_DEALCONTROLDATA?COMMAND_...         -----    -----      -----    -----      0A2BH    0003H
  +--> ?PR?_READONEOFFLINEDATA_DEALDATA?COMM...
  +--> ?PR?_DELETEONEOFFLINEDATA_DEALDATA?CO...
  +--> ?PR?_DELETESOMEAREADATA_DEALDATA?COMM...
  +--> ?PR?_RESTOREDATASTRUCTURE_DEALDATA?CO...
  +--> ?PR?_SERIALNOWATCHANDCONFIGURE_DEALDA...
  +--> ?PR?_CHANGEDEVICESERIALNO_DEALDATA?CO...
  +--> ?PR?_WHITELISTINIT_DEALDATA?COMMAND_W...
  +--> ?PR?_REALTIMECONTROL_DEALDATA?COMMAND...
  +--> ?PR?_WHITELISTUPLOAD_DEALDATA?COMMAND...
  +--> ?PR?_READWHITELISTPOINTER_DEALDATA?CO...
  +--> ?PR?_READWHITELIST_DEALDATA?COMMAND_R...
  +--> ?PR?_READWRITECONFIGUREPARAMETER_DEAL...
  +--> ?PR?_READALLTRADERECORD_DEALDATA?COMM...
  +--> ?PR?_PROGRAMUPDATE_DEALDATA?COMMAND_P...
  +--> ?PR?_RESTOREDEFAULTCONFIGURE_DEALDATA...
  +--> ?PR?_SEARCHIP_SENDDATATOPC?COMMAND_SE...
  +--> ?PR?_NETWORKPARAMETER_SENDDATATOPC?CO...
  +--> ?PR?_CONTROLERTEST_SENDDATATOPC?COMMA...
  +--> ?PR?_REPEATERTEST_DEALDATA?COMMAND_RE...
  +--> ?PR?_CONTROLERPARAMETER_DEALDATA?COMM...
  +--> ?PR?_REPEATERPARAMETER_DEALDATA?COMMA...
  +--> ?PR?_DEVICETEST_DEALDATA?COMMAND_DEVI...
  +--> ?PR?_CONTROLERDEVICELIST_DEALDATA?COM...
  +--> ?PR?_HEARTBEAT_DEALDATA?COMMAND_HEART...
  +--> ?PR?_CONTROLERWORKMODE_DEALDATA?COMMA...
  +--> ?PR?_ONECARDDATAUPLOADDELETE_DEALDATA...
  +--> ?PR?_ONECARDOPERATION_DEALDATA?COMMAN...

?PR?_READONEOFFLINEDATA_DEALDATA?COMM...         -----    -----      -----    -----      0A2EH    0009H
  +--> ?PR?_TEMPORARY_CALCSUMPARITY?COMMAND_...
  +--> ?PR?_PCA_START?COMMAND_TEMPORARY

?PR?_TEMPORARY_CALCSUMPARITY?COMMAND_...         -----    -----      -----    -----      0A38H    0005H

?PR?_PCA_START?COMMAND_TEMPORARY                 -----    -----      -----    -----      0A38H    0001H
  +--> ?PR?_PCA_SUBSTART?COMMAND_TEMPORARY

?PR?_DELETEONEOFFLINEDATA_DEALDATA?CO...         -----    -----      -----    -----      0A2EH    0009H
  +--> ?PR?_TEMPORARY_CALCSUMPARITY?COMMAND_...
  +--> ?PR?_PCA_START?COMMAND_TEMPORARY
BL51 BANKED LINKER/LOCATER V6.22                                                      01/20/2017  14:39:23  PAGE 12



?PR?_DELETESOMEAREADATA_DEALDATA?COMM...         -----    -----      -----    -----      0A2EH    0009H
  +--> ?PR?_TEMPORARY_CALCSUMPARITY?COMMAND_...
  +--> ?PR?_PCA_START?COMMAND_TEMPORARY

?PR?_RESTOREDATASTRUCTURE_DEALDATA?CO...         -----    -----      -----    -----      0A2EH    0009H
  +--> ?PR?_TEMPORARY_CALCSUMPARITY?COMMAND_...
  +--> ?PR?_PCA_START?COMMAND_TEMPORARY

?PR?_SERIALNOWATCHANDCONFIGURE_DEALDA...         -----    -----      -----    -----      0A2EH    0007H
  +--> ?PR?_TEMPORARY_CALCSUMPARITY?COMMAND_...
  +--> ?PR?_PCA_START?COMMAND_TEMPORARY

?PR?_CHANGEDEVICESERIALNO_DEALDATA?CO...         -----    -----      -----    -----      0A2EH    0009H
  +--> ?PR?_TEMPORARY_CALCSUMPARITY?COMMAND_...
  +--> ?PR?_PCA_START?COMMAND_TEMPORARY

?PR?_WHITELISTINIT_DEALDATA?COMMAND_W...         -----    -----      -----    -----      0A2EH    0009H
  +--> ?PR?_TEMPORARY_CALCSUMPARITY?COMMAND_...
  +--> ?PR?_PCA_START?COMMAND_TEMPORARY

?PR?_REALTIMECONTROL_DEALDATA?COMMAND...         -----    -----      -----    -----      0A2EH    0009H
  +--> ?PR?_TEMPORARY_CALCSUMPARITY?COMMAND_...
  +--> ?PR?_PCA_START?COMMAND_TEMPORARY

?PR?_WHITELISTUPLOAD_DEALDATA?COMMAND...         -----    -----      -----    -----      0A2EH    0008H
  +--> ?PR?_TEMPORARY_CALCSUMPARITY?COMMAND_...
  +--> ?PR?_PCA_START?COMMAND_TEMPORARY

?PR?_READWHITELISTPOINTER_DEALDATA?CO...         -----    -----      -----    -----      0A2EH    0009H
  +--> ?PR?_TEMPORARY_CALCSUMPARITY?COMMAND_...
  +--> ?PR?_PCA_START?COMMAND_TEMPORARY

?PR?_READWHITELIST_DEALDATA?COMMAND_R...         -----    -----      -----    -----      0A2EH    0009H
  +--> ?PR?_TEMPORARY_CALCSUMPARITY?COMMAND_...
  +--> ?PR?_PCA_START?COMMAND_TEMPORARY

?PR?_READWRITECONFIGUREPARAMETER_DEAL...         -----    -----      -----    -----      0A2EH    000AH
  +--> ?PR?_TEMPORARY_CALCSUMPARITY?COMMAND_...
  +--> ?PR?_PCA_START?COMMAND_TEMPORARY

?PR?_READALLTRADERECORD_DEALDATA?COMM...         -----    -----      -----    -----      0A2EH    0009H
  +--> ?PR?_TEMPORARY_CALCSUMPARITY?COMMAND_...
  +--> ?PR?_PCA_START?COMMAND_TEMPORARY

?PR?_PROGRAMUPDATE_DEALDATA?COMMAND_P...         -----    -----      -----    -----      0A2EH    000AH
  +--> ?PR?_TEMPORARY_CALCSUMPARITY?COMMAND_...
  +--> ?PR?_PCA_START?COMMAND_TEMPORARY

?PR?_RESTOREDEFAULTCONFIGURE_DEALDATA...         -----    -----      -----    -----      0A2EH    0008H
  +--> ?PR?_TEMPORARY_CALCSUMPARITY?COMMAND_...
  +--> ?PR?_PCA_START?COMMAND_TEMPORARY

?PR?_SEARCHIP_SENDDATATOPC?COMMAND_SE...         -----    -----      -----    -----      0A2EH    0001H
  +--> ?PR?_PC_SENDCOMMAND_BOARDCAST?PC

?PR?_PC_SENDCOMMAND_BOARDCAST?PC                 -----    -----      -----    -----      0A32H    0008H
BL51 BANKED LINKER/LOCATER V6.22                                                      01/20/2017  14:39:23  PAGE 13



?PR?_NETWORKPARAMETER_SENDDATATOPC?CO...         -----    -----      -----    -----      0A2EH    0004H
  +--> ?PR?_PC_SENDCOMMAND_BOARDCAST?PC
  +--> ?PR?CONTROLERINFO_WRITENAME?COMMAND_C...
  +--> ?PR?CONTROLERINFO_WRITENETWORKPARAMET...

?PR?CONTROLERINFO_WRITENAME?COMMAND_C...         -----    -----      -----    -----      -----    -----
  +--> ?PR?_SECTOR_ERASE?EEPROM

?PR?_SECTOR_ERASE?EEPROM                         -----    -----      -----    -----      -----    -----
  +--> ?PR?IAP_DISABLE?EEPROM

?PR?_CONTROLERTEST_SENDDATATOPC?COMMA...         -----    -----      -----    -----      -----    -----
  +--> ?PR?_PC_SENDCOMMAND?PC

?PR?_PC_SENDCOMMAND?PC                           -----    -----      -----    -----      0A39H    0008H

?PR?_REPEATERTEST_DEALDATA?COMMAND_RE...         -----    -----      -----    -----      0A2EH    0007H
  +--> ?PR?_TEMPORARY_CALCSUMPARITY?COMMAND_...
  +--> ?PR?_PCA_START?COMMAND_TEMPORARY

?PR?_CONTROLERPARAMETER_DEALDATA?COMM...         -----    -----      -----    -----      0A2EH    0006H
  +--> ?PR?_PC_SENDCOMMAND?PC

?PR?_REPEATERPARAMETER_DEALDATA?COMMA...         -----    -----      -----    -----      0A2EH    0007H
  +--> ?PR?_TEMPORARY_CALCSUMPARITY?COMMAND_...
  +--> ?PR?_PCA_START?COMMAND_TEMPORARY

?PR?_DEVICETEST_DEALDATA?COMMAND_DEVI...         -----    -----      -----    -----      0A2EH    0009H
  +--> ?PR?_TEMPORARY_CALCSUMPARITY?COMMAND_...
  +--> ?PR?_PCA_START?COMMAND_TEMPORARY

?PR?_CONTROLERDEVICELIST_DEALDATA?COM...         0021H.0  0000H.1    -----    -----      0A2EH    0007H
  +--> ?PR?NORMALDEVICEINFO_EMPTYDEVICELIST?...
  +--> ?PR?_NORMALDEVICEINFO_ADDDEVICELIST?C...
  +--> ?PR?_NORMALDEVICEINFO_DELETEDEVICELIS...
  +--> ?PR?SPECIALDEVICEINFO_EMPTYDEVICELIST...
  +--> ?PR?_SPECIALDEVICEINFO_ADDDEVICELIST?...
  +--> ?PR?_SPECIALDEVICEINFO_DELETEDEVICELI...
  +--> ?PR?_PC_SENDCOMMAND?PC

?PR?_NORMALDEVICEINFO_ADDDEVICELIST?C...         -----    -----      -----    -----      0A35H    0004H
  +--> ?PR?_NORMALDEVICEINFO_FINDDEVICELIST?...

?PR?_NORMALDEVICEINFO_DELETEDEVICELIS...         -----    -----      -----    -----      -----    -----
  +--> ?PR?_NORMALDEVICEINFO_FINDDEVICELIST?...

?PR?_SPECIALDEVICEINFO_ADDDEVICELIST?...         -----    -----      -----    -----      -----    -----
  +--> ?PR?_SPECIALDEVICEINFO_FINDDEVICELIST...

?PR?_SPECIALDEVICEINFO_DELETEDEVICELI...         -----    -----      -----    -----      -----    -----
  +--> ?PR?_SPECIALDEVICEINFO_FINDDEVICELIST...

?PR?_HEARTBEAT_DEALDATA?COMMAND_HEART...         -----    -----      -----    -----      -----    -----
  +--> ?PR?HOOKFUNCTION_HEARTBEATACK?COMMAND...

?PR?_CONTROLERWORKMODE_DEALDATA?COMMA...         0021H.0  0000H.1    -----    -----      -----    -----
BL51 BANKED LINKER/LOCATER V6.22                                                      01/20/2017  14:39:23  PAGE 14


  +--> ?PR?_PC_SENDCOMMAND?PC
  +--> ?PR?HOOKFUNCTION_CONTROLERWORKMODE?CO...

?PR?_ONECARDDATAUPLOADDELETE_DEALDATA...         -----    -----      -----    -----      0A2EH    0005H
  +--> ?PR?_TEMPORARY_CALCSUMPARITY?COMMAND_...
  +--> ?PR?_PCA_START?COMMAND_TEMPORARY

?PR?_ONECARDOPERATION_DEALDATA?COMMAN...         -----    -----      -----    -----      0A2EH    0004H
  +--> ?PR?_TEMPORARY_CALCSUMPARITY?COMMAND_...
  +--> ?PR?_PCA_START?COMMAND_TEMPORARY

?PR?MIDDLEWAREWIRELESS_FASTTASK?MIDDL...         -----    -----      -----    -----      -----    -----
  +--> ?PR?_WIRELESS_CHECKCOMMAND?PC
  +--> ?PR?PCA_STOP?COMMAND_TEMPORARY
  +--> ?PR?_WIRELESS_DEALCONTROLDATA?COMMAND...

?PR?_WIRELESS_CHECKCOMMAND?PC                    -----    -----      -----    -----      0A2BH    0005H

?PR?_WIRELESS_DEALCONTROLDATA?COMMAND...         -----    -----      -----    -----      0A2BH    0003H
  +--> ?PR?_READONEOFFLINEDATA_SENDDATATOPC?...
  +--> ?PR?_DELETEONEOFFLINEDATA_SENDDATATOP...
  +--> ?PR?_DELETESOMEAREADATA_SENDDATATOPC?...
  +--> ?PR?_RESTOREDATASTRUCTURE_SENDDATATOP...
  +--> ?PR?_SERIALNOWATCHANDCONFIGURE_SENDDA...
  +--> ?PR?_CHANGEDEVICESERIALNO_SENDDATATOP...
  +--> ?PR?_WHITELISTINIT_SENDDATATOPC?COMMA...
  +--> ?PR?_WHITELISTUPLOAD_SENDDATATOPC?COM...
  +--> ?PR?_REALTIMECONTROL_SENDDATATOPC?COM...
  +--> ?PR?_READWHITELISTPOINTER_SENDDATATOP...
  +--> ?PR?_READWHITELIST_SENDDATATOPC?COMMA...
  +--> ?PR?_READWRITECONFIGUREPARAMETER_SEND...
  +--> ?PR?_READALLTRADERECORD_SENDDATATOPC?...
  +--> ?PR?_PROGRAMUPDATE_SENDDATATOPC?COMMA...
  +--> ?PR?_RESTOREDEFAULTCONFIGURE_SENDDATA...
  +--> ?PR?_REPEATERTEST_SENDDATATOPC?COMMAN...
  +--> ?PR?_REPEATERPARAMETER_SENDDATATOPC?C...
  +--> ?PR?_DEVICETEST_SENDDATATOPC?COMMAND_...
  +--> ?PR?_ONECARDDATAUPLOAD_SENDDATATOPC?C...
  +--> ?PR?_ONECARDDATAUPLOADDELETE_SENDDATA...
  +--> ?PR?_ONECARDOPERATION_SENDDATATOPC?CO...

?PR?_READONEOFFLINEDATA_SENDDATATOPC?...         -----    -----      -----    -----      0A2EH    0001H
  +--> ?PR?_PC_SENDCOMMAND?PC

?PR?_DELETEONEOFFLINEDATA_SENDDATATOP...         -----    -----      -----    -----      0A2EH    0001H
  +--> ?PR?_PC_SENDCOMMAND?PC

?PR?_DELETESOMEAREADATA_SENDDATATOPC?...         -----    -----      -----    -----      0A2EH    0001H
  +--> ?PR?_PC_SENDCOMMAND?PC

?PR?_RESTOREDATASTRUCTURE_SENDDATATOP...         -----    -----      -----    -----      0A2EH    0001H
  +--> ?PR?_PC_SENDCOMMAND?PC

?PR?_SERIALNOWATCHANDCONFIGURE_SENDDA...         -----    -----      -----    -----      0A2EH    0001H
  +--> ?PR?_PC_SENDCOMMAND?PC

?PR?_CHANGEDEVICESERIALNO_SENDDATATOP...         -----    -----      -----    -----      0A2EH    0001H
BL51 BANKED LINKER/LOCATER V6.22                                                      01/20/2017  14:39:23  PAGE 15


  +--> ?PR?_PC_SENDCOMMAND?PC

?PR?_WHITELISTINIT_SENDDATATOPC?COMMA...         -----    -----      -----    -----      0A2EH    0002H
  +--> ?PR?_PC_SENDCOMMAND?PC

?PR?_WHITELISTUPLOAD_SENDDATATOPC?COM...         -----    -----      -----    -----      0A2EH    0004H
  +--> ?PR?_PC_SENDCOMMAND?PC

?PR?_REALTIMECONTROL_SENDDATATOPC?COM...         -----    -----      -----    -----      0A2EH    0007H
  +--> ?PR?_PC_SENDCOMMAND?PC

?PR?_READWHITELISTPOINTER_SENDDATATOP...         -----    -----      -----    -----      0A2EH    0002H
  +--> ?PR?_PC_SENDCOMMAND?PC

?PR?_READWHITELIST_SENDDATATOPC?COMMA...         -----    -----      -----    -----      0A2EH    0004H
  +--> ?PR?_PC_SENDCOMMAND?PC

?PR?_READWRITECONFIGUREPARAMETER_SEND...         -----    -----      -----    -----      0A2EH    0005H
  +--> ?PR?_PC_SENDCOMMAND?PC

?PR?_READALLTRADERECORD_SENDDATATOPC?...         -----    -----      -----    -----      0A2EH    0001H
  +--> ?PR?_PC_SENDCOMMAND?PC

?PR?_PROGRAMUPDATE_SENDDATATOPC?COMMA...         -----    -----      -----    -----      0A2EH    0004H
  +--> ?PR?_PC_SENDCOMMAND?PC

?PR?_RESTOREDEFAULTCONFIGURE_SENDDATA...         -----    -----      -----    -----      0A2EH    0001H
  +--> ?PR?_PC_SENDCOMMAND?PC

?PR?_REPEATERTEST_SENDDATATOPC?COMMAN...         -----    -----      -----    -----      0A2EH    0001H
  +--> ?PR?_PC_SENDCOMMAND?PC

?PR?_REPEATERPARAMETER_SENDDATATOPC?C...         -----    -----      -----    -----      0A2EH    0002H
  +--> ?PR?_PC_SENDCOMMAND?PC

?PR?_DEVICETEST_SENDDATATOPC?COMMAND_...         -----    -----      -----    -----      0A2EH    0003H
  +--> ?PR?_PC_SENDCOMMAND?PC

?PR?_ONECARDDATAUPLOAD_SENDDATATOPC?C...         -----    -----      -----    -----      0A2EH    000BH
  +--> ?PR?_PC_SENDCOMMAND?PC
  +--> ?PR?_SPECIALDEVICEINFO_FINDDEVICELIST...
  +--> ?PR?_NORMALDEVICEINFO_FINDDEVICELIST?...

?PR?_ONECARDOPERATION_SENDDATATOPC?CO...         -----    -----      -----    -----      0A2EH    0005H
  +--> ?PR?_PC_SENDCOMMAND?PC

?PR?MIDDLEWARESOCKET_FASTTASK?MIDDLEW...         -----    -----      -----    -----      -----    -----
  +--> ?PR?_PC_CHECKCOMMAND?PC
  +--> ?PR?_NETWORK_DEALCONTROLDATA?COMMAND_...
  +--> ?PR?HOOKFUNCTION_RECEIVEPCDATA?COMMAN...

?C_INITSEG                                       -----    -----      -----    -----      -----    -----
  +--> ?PR?_HARDWARE_INIT?HARDWARE
  +--> ?PR?_LED_INIT?LED
  +--> ?PR?_BEEP_INIT?BEEP
  +--> ?PR?_CONSOLE_INIT?CONSOLE
  +--> ?PR?_PARAMETER_INIT?PARAMETER
BL51 BANKED LINKER/LOCATER V6.22                                                      01/20/2017  14:39:23  PAGE 16


  +--> ?PR?_WIRELESS_INIT?WIRELESS
  +--> ?PR?_NETWORK_INIT?NETWORK
  +--> ?PR?_SCHEDULER_INIT?SCHEDULER
  +--> ?PR?APP_HAL_INIT?APP_HAL_API
  +--> ?PR?_MENU_IFCONFIG?MIDDLEWARE_MENU
  +--> ?PR?_MENU_CONTROLLER?MIDDLEWARE_MENU
  +--> ?PR?_MENU_DEVICE?MIDDLEWARE_MENU
  +--> ?PR?_MENU_DATA?MIDDLEWARE_MENU
  +--> ?PR?_MENU_UNAME?MIDDLEWARE_MENU
  +--> ?PR?_MENU_REBOOT?MIDDLEWARE_MENU
  +--> ?PR?POLLDEVICETASK?MIDDLEWARE_TASK
  +--> ?PR?CONSOLERUNTASK?MIDDLEWARE_TASK
  +--> ?PR?PERIODTASK?MIDDLEWARE_TASK

?PR?_HARDWARE_INIT?HARDWARE                      -----    -----      -----    -----      -----    -----
  +--> ?PR?REBOOT?TYPES
  +--> ?PR?CLEARWATCHDOG?TYPES
  +--> ?PR?PCA_INIT?PCA
  +--> ?PR?TIMER0_INIT?TIMER0

?PR?_LED_INIT?LED                                -----    -----      -----    -----      -----    -----
  +--> ?PR?LED_RUN?LED
  +--> ?PR?_LED_SETTIME?LED
  +--> ?PR?_LED_ACTION?LED

?PR?LED_RUN?LED                                  -----    -----      -----    -----      -----    -----
  +--> ?PR?TIMER0_SYSTEMTICKS?TIMER0

?PR?_LED_SETTIME?LED                             -----    -----      -----    -----      -----    -----
  +--> ?PR?TIMER0_SYSTEMTICKS?TIMER0

?PR?_LED_ACTION?LED                              -----    -----      -----    -----      0A2BH    0001H
  +--> ?PR?_LEDGREEN?TYPES
  +--> ?PR?_LEDBLUE?TYPES
  +--> ?PR?_LEDYELLOW?TYPES

?PR?_BEEP_INIT?BEEP                              -----    -----      -----    -----      -----    -----
  +--> ?PR?BEEP_RUN?BEEP
  +--> ?PR?_BEEP_SETTIME?BEEP
  +--> ?PR?_BEEPACTION?TYPES

?PR?BEEP_RUN?BEEP                                -----    -----      -----    -----      -----    -----
  +--> ?PR?TIMER0_SYSTEMTICKS?TIMER0

?PR?_BEEP_SETTIME?BEEP                           -----    -----      -----    -----      -----    -----
  +--> ?PR?TIMER0_SYSTEMTICKS?TIMER0

?PR?_CONSOLE_INIT?CONSOLE                        -----    -----      -----    -----      -----    -----
  +--> ?PR?_CONSOLE_PRINT?CONSOLE
  +--> ?PR?_CONSOLE_PRINTLN?CONSOLE
  +--> ?PR?_CONSOLE_PRINTDEC?CONSOLE
  +--> ?PR?_CONSOLE_PRINTLNDEC?CONSOLE
  +--> ?PR?CONSOLE_RUN?CONSOLE
  +--> ?PR?_CONSOLE_SETPROMPT?CONSOLE
  +--> ?PR?_CONSOLE_REGISTERMENU?CONSOLE
  +--> ?CO?CONSOLE
  +--> ?PR?UART1_INIT?UART1
BL51 BANKED LINKER/LOCATER V6.22                                                      01/20/2017  14:39:23  PAGE 17



?PR?_CONSOLE_PRINT?CONSOLE                       -----    -----      -----    -----      -----    -----
  +--> ?PR?_UART1_SENDSTRING?UART1

?PR?_UART1_SENDSTRING?UART1                      -----    -----      -----    -----      -----    -----
  +--> ?PR?_UART1_SENDBYTE?UART1

?PR?_CONSOLE_PRINTLN?CONSOLE                     -----    -----      -----    -----      -----    -----
  +--> ?PR?_UART1_SENDSTRING?UART1
  +--> ?CO?CONSOLE

?PR?_CONSOLE_PRINTDEC?CONSOLE                    -----    -----      -----    -----      0A2BH    0002H
  +--> ?PR?_UART1_SENDSTRING?UART1
  +--> ?PR?_UART1_SENDBYTE?UART1

?PR?_CONSOLE_PRINTLNDEC?CONSOLE                  -----    -----      -----    -----      0A2BH    0002H
  +--> ?PR?_UART1_SENDSTRING?UART1
  +--> ?PR?_UART1_SENDBYTE?UART1
  +--> ?CO?CONSOLE

?PR?CONSOLE_RUN?CONSOLE                          -----    -----      -----    -----      0A2BH    0005H
  +--> ?PR?_UART1_SENDSTRING?UART1
  +--> ?PR?UART1_AVAILABLE?UART1
  +--> ?PR?UART1_RECEIVEBYTE?UART1
  +--> ?CO?CONSOLE
  +--> ?PR?___FINDCOMMAND?CONSOLE
  +--> ?PR?___CONTAINSUBSTRING?CONSOLE
  +--> ?PR?_STRSTR?STRSTR
  +--> ?PR?_STRLEN?STRLEN
  +--> ?PR?_STRNCPY?STRNCPY
  +--> ?PR?_UART1_SENDBYTE?UART1

?PR?___FINDCOMMAND?CONSOLE                       -----    -----      -----    -----      0A30H    0006H

?PR?___CONTAINSUBSTRING?CONSOLE                  -----    -----      -----    -----      0A30H    0006H

?PR?_STRSTR?STRSTR                               -----    -----      -----    -----      0A30H    000CH

?PR?_STRNCPY?STRNCPY                             -----    -----      -----    -----      0A30H    000AH

?PR?_CONSOLE_SETPROMPT?CONSOLE                   -----    -----      -----    -----      0A2BH    0003H

?PR?_PARAMETER_INIT?PARAMETER                    -----    -----      -----    -----      -----    -----
  +--> ?PR?_BYTE_READ?EEPROM
  +--> ?PR?_BYTE_PROGRAM?EEPROM
  +--> ?PR?_SECTOR_ERASE?EEPROM

?PR?_BYTE_READ?EEPROM                            -----    -----      -----    -----      -----    -----
  +--> ?PR?IAP_DISABLE?EEPROM

?PR?_BYTE_PROGRAM?EEPROM                         -----    -----      -----    -----      -----    -----
  +--> ?PR?IAP_DISABLE?EEPROM

?PR?_WIRELESS_INIT?WIRELESS                      -----    -----      -----    -----      -----    -----
  +--> ?PR?_WIRELESS_CHANGECHANNEL?WIRELESS
  +--> ?PR?NRF905_HAVEDATATOREAD?NRF905
  +--> ?PR?_NRF905_TXPACKET?NRF905
BL51 BANKED LINKER/LOCATER V6.22                                                      01/20/2017  14:39:23  PAGE 18


  +--> ?PR?_NRF905_RXPACKET?NRF905

?PR?_WIRELESS_CHANGECHANNEL?WIRELESS             -----    -----      -----    -----      -----    -----
  +--> ?PR?_NRF905_SETWIRELESS?NRF905

?PR?_NRF905_SETWIRELESS?NRF905                   -----    -----      -----    -----      0A2BH    0002H
  +--> ?PR?NRF905_INITIO?NRF905
  +--> ?PR?_NRF905_FSETRF?NRF905
  +--> ?PR?NRF905_CONFIG905?NRF905
  +--> ?PR?_SPI_WRITE?SPI
  +--> ?PR?NRF905_SETRXMODE?NRF905

?PR?NRF905_CONFIG905?NRF905                      -----    -----      -----    -----      0A2DH    0001H
  +--> ?PR?_SPI_WRITE?SPI

?PR?NRF905_SETRXMODE?NRF905                      -----    -----      -----    -----      -----    -----
  +--> ?PR?_NRF905_DELAY?NRF905

?PR?_NRF905_DELAY?NRF905                         -----    -----      -----    -----      -----    -----
  +--> ?PR?DELAY650US?NRF905

?PR?_NRF905_TXPACKET?NRF905                      -----    -----      -----    -----      0A2BH    0007H
  +--> ?PR?NRF905_SETTXMODE?NRF905
  +--> ?PR?___TXPACKET?NRF905
  +--> ?PR?_DELAY1MS?TYPES
  +--> ?PR?NRF905_SETRXMODE?NRF905

?PR?NRF905_SETTXMODE?NRF905                      -----    -----      -----    -----      -----    -----
  +--> ?PR?_NRF905_DELAY?NRF905

?PR?___TXPACKET?NRF905                           -----    -----      -----    -----      0A32H    0007H
  +--> ?PR?_SPI_WRITE?SPI
  +--> ?PR?_NRF905_DELAY?NRF905

?PR?_NRF905_RXPACKET?NRF905                      -----    -----      -----    -----      0A2BH    0004H
  +--> ?PR?_SPI_WRITE?SPI
  +--> ?PR?SPI_READ?SPI

?PR?_NETWORK_INIT?NETWORK                        -----    -----      -----    -----      -----    -----
  +--> ?PR?NETWORK_ALLPARAMETERS?NETWORK
  +--> ?PR?NETWORK_REBOOT?NETWORK
  +--> ?PR?_NETWORK_REGISTERERRORFUNCTION?NE...
  +--> ?PR?NETWORK_PERIODTASK?NETWORK
  +--> ?PR?NETWORK_CONNECTUDP?NETWORK
  +--> ?PR?_NETWORK_SENDUDP?NETWORK
  +--> ?PR?_NETWORK_RECEIVEUDP?NETWORK
  +--> ?PR?NETWORK_CONNECTBOARDCAST?NETWORK
  +--> ?PR?_NETWORK_SENDBOARDCAST?NETWORK
  +--> ?PR?_NETWORK_RECEIVEBOARDCAST?NETWORK

?PR?NETWORK_ALLPARAMETERS?NETWORK                -----    -----      -----    -----      -----    -----
  +--> ?CO?NETWORK
  +--> ?PR?PRINTF?PRINTF

?PR?PRINTF?PRINTF                                0021H.0  0001H.1    0008H    0005H      0A2BH    0028H
  +--> ?PR?_PUTCHAR?UART1

BL51 BANKED LINKER/LOCATER V6.22                                                      01/20/2017  14:39:23  PAGE 19


?PR?_PUTCHAR?UART1                               -----    -----      -----    -----      -----    -----
  +--> ?PR?_UART1_SENDBYTE?UART1

?PR?NETWORK_REBOOT?NETWORK                       -----    -----      -----    -----      -----    -----
  +--> ?PR?CH395CMDRESET?CH395CMD
  +--> ?PR?_DELAY1MS?TYPES
  +--> ?PR?_CH395CMDSETIPADDR?CH395CMD
  +--> ?PR?_CH395CMDSETGWIPADDR?CH395CMD
  +--> ?PR?_CH395CMDSETMASKADDR?CH395CMD
  +--> ?PR?_CH395CMDGETMACADDR?CH395CMD
  +--> ?PR?CH395CMDINITCH395?CH395CMD

?PR?CH395CMDRESET?CH395CMD                       -----    -----      -----    -----      -----    -----
  +--> ?PR?_XWRITECH395CMD?CH395UART

?PR?_XWRITECH395CMD?CH395UART                    -----    -----      -----    -----      -----    -----
  +--> ?PR?_SPI395OUTBYTE?CH395UART
  +--> ?PR?_MDELAYUS?CH395UART

?PR?_CH395CMDSETIPADDR?CH395CMD                  -----    -----      -----    -----      0A2BH    0004H
  +--> ?PR?_XWRITECH395CMD?CH395UART
  +--> ?PR?_XWRITECH395DATA?CH395UART

?PR?_XWRITECH395DATA?CH395UART                   -----    -----      -----    -----      -----    -----
  +--> ?PR?_SPI395OUTBYTE?CH395UART

?PR?_CH395CMDSETGWIPADDR?CH395CMD                -----    -----      -----    -----      0A2BH    0004H
  +--> ?PR?_XWRITECH395CMD?CH395UART
  +--> ?PR?_XWRITECH395DATA?CH395UART

?PR?_CH395CMDSETMASKADDR?CH395CMD                -----    -----      -----    -----      0A2BH    0004H
  +--> ?PR?_XWRITECH395CMD?CH395UART
  +--> ?PR?_XWRITECH395DATA?CH395UART

?PR?_CH395CMDGETMACADDR?CH395CMD                 -----    -----      -----    -----      0A2BH    0004H
  +--> ?PR?_XWRITECH395CMD?CH395UART
  +--> ?PR?XREADCH395DATA?CH395UART

?PR?XREADCH395DATA?CH395UART                     -----    -----      -----    -----      -----    -----
  +--> ?PR?SPI395INBYTE?CH395UART

?PR?CH395CMDINITCH395?CH395CMD                   -----    -----      -----    -----      0A2BH    0002H
  +--> ?PR?_XWRITECH395CMD?CH395UART
  +--> ?PR?_DELAY1MS?TYPES
  +--> ?PR?CH395GETCMDSTATUS?CH395CMD

?PR?CH395GETCMDSTATUS?CH395CMD                   -----    -----      -----    -----      -----    -----
  +--> ?PR?_XWRITECH395CMD?CH395UART
  +--> ?PR?XREADCH395DATA?CH395UART

?PR?NETWORK_PERIODTASK?NETWORK                   -----    -----      -----    -----      -----    -----
  +--> ?PR?CH395CMDGETGLOBINTSTATUS_ALL?CH39...
  +--> ?PR?_CH395GETSOCKETINT?CH395CMD
  +--> ?PR?__SUBBOARDCASTREAD?NETWORK
  +--> ?PR?__SUBSOCKETREAD?NETWORK

?PR?CH395CMDGETGLOBINTSTATUS_ALL?CH39...         -----    -----      -----    -----      0A2BH    0002H
BL51 BANKED LINKER/LOCATER V6.22                                                      01/20/2017  14:39:23  PAGE 20


  +--> ?PR?_XWRITECH395CMD?CH395UART
  +--> ?PR?DELAY1US?TYPES
  +--> ?PR?XREADCH395DATA?CH395UART

?PR?_CH395GETSOCKETINT?CH395CMD                  -----    -----      -----    -----      0A2BH    0001H
  +--> ?PR?_XWRITECH395CMD?CH395UART
  +--> ?PR?_XWRITECH395DATA?CH395UART
  +--> ?PR?DELAY1US?TYPES
  +--> ?PR?XREADCH395DATA?CH395UART

?PR?__SUBBOARDCASTREAD?NETWORK                   -----    -----      -----    -----      0A2BH    0004H
  +--> ?PR?_CH395GETRECVLENGTH?CH395CMD
  +--> ?PR?_CH395GETRECVDATA?CH395CMD

?PR?_CH395GETRECVLENGTH?CH395CMD                 -----    -----      -----    -----      0A2FH    0003H
  +--> ?PR?_XWRITECH395CMD?CH395UART
  +--> ?PR?_XWRITECH395DATA?CH395UART
  +--> ?PR?XREADCH395DATA?CH395UART

?PR?_CH395GETRECVDATA?CH395CMD                   -----    -----      -----    -----      0A2FH    0008H
  +--> ?PR?_XWRITECH395CMD?CH395UART
  +--> ?PR?_XWRITECH395DATA?CH395UART
  +--> ?PR?DELAY1US?TYPES
  +--> ?PR?XREADCH395DATA?CH395UART

?PR?__SUBSOCKETREAD?NETWORK                      -----    -----      -----    -----      0A2BH    0003H
  +--> ?PR?_CH395GETRECVLENGTH?CH395CMD
  +--> ?PR?_CH395GETRECVDATA?CH395CMD

?PR?NETWORK_CONNECTUDP?NETWORK                   -----    -----      -----    -----      -----    -----
  +--> ?PR?_CH395SETSOCKETPROTTYPE?CH395CMD
  +--> ?PR?_CH395SETSOCKETSOURPORT?CH395CMD
  +--> ?PR?_CH395SETSOCKETDESIP?CH395CMD
  +--> ?PR?_CH395SETSOCKETDESPORT?CH395CMD
  +--> ?PR?_CH395OPENSOCKET?CH395CMD

?PR?_CH395SETSOCKETPROTTYPE?CH395CMD             -----    -----      -----    -----      0A2BH    0002H
  +--> ?PR?_XWRITECH395CMD?CH395UART
  +--> ?PR?_XWRITECH395DATA?CH395UART

?PR?_CH395SETSOCKETSOURPORT?CH395CMD             -----    -----      -----    -----      0A2BH    0003H
  +--> ?PR?_XWRITECH395CMD?CH395UART
  +--> ?PR?_XWRITECH395DATA?CH395UART

?PR?_CH395SETSOCKETDESIP?CH395CMD                -----    -----      -----    -----      0A2BH    0004H
  +--> ?PR?_XWRITECH395CMD?CH395UART
  +--> ?PR?_XWRITECH395DATA?CH395UART

?PR?_CH395SETSOCKETDESPORT?CH395CMD              -----    -----      -----    -----      0A2BH    0003H
  +--> ?PR?_XWRITECH395CMD?CH395UART
  +--> ?PR?_XWRITECH395DATA?CH395UART

?PR?_CH395OPENSOCKET?CH395CMD                    -----    -----      -----    -----      0A2BH    0003H
  +--> ?PR?_XWRITECH395CMD?CH395UART
  +--> ?PR?_XWRITECH395DATA?CH395UART
  +--> ?PR?_DELAY1MS?TYPES
  +--> ?PR?CH395GETCMDSTATUS?CH395CMD
BL51 BANKED LINKER/LOCATER V6.22                                                      01/20/2017  14:39:23  PAGE 21



?PR?_NETWORK_SENDUDP?NETWORK                     -----    -----      -----    -----      -----    -----
  +--> ?PR?_CH395SENDDATA?CH395CMD
  +--> ?PR?_CH395GETSOCKETINT?CH395CMD

?PR?_CH395SENDDATA?CH395CMD                      -----    -----      -----    -----      0A2BH    0008H
  +--> ?PR?_XWRITECH395CMD?CH395UART
  +--> ?PR?_XWRITECH395DATA?CH395UART

?PR?_NETWORK_RECEIVEUDP?NETWORK                  -----    -----      -----    -----      0A2BH    0005H

?PR?NETWORK_CONNECTBOARDCAST?NETWORK             -----    -----      -----    -----      -----    -----
  +--> ?PR?_CH395SETSOCKETPROTTYPE?CH395CMD
  +--> ?PR?_CH395SETSOCKETSOURPORT?CH395CMD
  +--> ?PR?_CH395SETSOCKETDESIP?CH395CMD
  +--> ?PR?_CH395SETSOCKETDESPORT?CH395CMD
  +--> ?PR?_CH395OPENSOCKET?CH395CMD

?PR?_NETWORK_SENDBOARDCAST?NETWORK               -----    -----      -----    -----      -----    -----
  +--> ?PR?_CH395SENDDATA?CH395CMD
  +--> ?PR?_CH395GETSOCKETINT?CH395CMD

?PR?_NETWORK_RECEIVEBOARDCAST?NETWORK            -----    -----      -----    -----      0A2BH    0005H

?PR?_SCHEDULER_INIT?SCHEDULER                    -----    -----      -----    -----      -----    -----
  +--> ?PR?SCHEDULER_RUN?SCHEDULER
  +--> ?PR?_SCHEDULER_REGISTERTASK?SCHEDULER
  +--> ?PR?_SCHEDULER_DELAY1MS?SCHEDULER
  +--> ?PR?TIMER0_SYSTEMTICKS?TIMER0
  +--> ?PR?SCHEDULER_TICKSINCREASE?SCHEDULER

?PR?_SCHEDULER_REGISTERTASK?SCHEDULER            -----    -----      -----    -----      0A2BH    0001H

?PR?_SCHEDULER_DELAY1MS?SCHEDULER                -----    -----      -----    -----      0A2BH    0002H
  +--> ?PR?TIMER0_SYSTEMTICKS?TIMER0

?PR?_MENU_IFCONFIG?MIDDLEWARE_MENU               -----    -----      -----    -----      0A2BH    0003H
  +--> ?CO?MIDDLEWARE_MENU
  +--> ?PR?_STRTOK?STRTOK

?PR?_STRTOK?STRTOK                               -----    -----      -----    -----      0A32H    0006H
  +--> ?PR?_STRSPN?STRSPN
  +--> ?PR?_STRPBRK?STRPBRK

?PR?_STRSPN?STRSPN                               -----    -----      -----    -----      0A38H    0008H

?PR?_STRPBRK?STRPBRK                             -----    -----      -----    -----      0A38H    0009H

?PR?_MENU_CONTROLLER?MIDDLEWARE_MENU             -----    -----      -----    -----      0A2BH    0007H
  +--> ?CO?MIDDLEWARE_MENU
  +--> ?PR?_STRTOK?STRTOK

?PR?_MENU_DEVICE?MIDDLEWARE_MENU                 -----    -----      -----    -----      -----    -----
  +--> ?PR?NORMALDEVICEINFO_TRAVELDEVICELIST...

?PR?NORMALDEVICEINFO_TRAVELDEVICELIST...         -----    -----      -----    -----      -----    -----
  +--> ?CO?COMMAND_NORMALDEVICEINFO
BL51 BANKED LINKER/LOCATER V6.22                                                      01/20/2017  14:39:23  PAGE 22



?PR?_MENU_UNAME?MIDDLEWARE_MENU                  -----    -----      -----    -----      -----    -----
  +--> ?CO?MIDDLEWARE_MENU

?PR?POLLDEVICETASK?MIDDLEWARE_TASK               -----    -----      -----    -----      -----    -----
  +--> ?PR?DEVICEPOOL_SENDDATATODEVICE?COMMA...

?PR?DEVICEPOOL_SENDDATATODEVICE?COMMA...         -----    -----      -----    -----      -----    -----
  +--> ?PR?__NEXTSPECIALDEVICELIST?COMMAND_D...
  +--> ?PR?___SENDDATATOSPECIALDEVICE?COMMAN...
  +--> ?PR?__NEXTNORMALDEVICELIST?COMMAND_DE...
  +--> ?PR?___SENDDATATONORMALDEVICE?COMMAND...

?PR?___SENDDATATOSPECIALDEVICE?COMMAN...         -----    -----      -----    -----      0A2BH    0001H
  +--> ?PR?_PCA_SUBSTART?COMMAND_TEMPORARY
  +--> ?PR?_PCA_START?COMMAND_TEMPORARY

?PR?___SENDDATATONORMALDEVICE?COMMAND...         -----    -----      -----    -----      0A2BH    0001H
  +--> ?PR?_TEMPORARY_CALCSUMPARITY?COMMAND_...
  +--> ?PR?_PCA_START?COMMAND_TEMPORARY

?PR?PERIODTASK?MIDDLEWARE_TASK                   -----    -----      -----    -----      -----    -----
  +--> ?PR?HEARTBEAT_SENDDATATOPC?COMMAND_HE...

?PR?HEARTBEAT_SENDDATATOPC?COMMAND_HE...         -----    -----      -----    -----      -----    -----
  +--> ?PR?_PC_SENDCOMMAND?PC
  +--> ?PR?HOOKFUNCTION_HEARTBEATREQ?COMMAND...



SYMBOL TABLE OF MODULE:  ..\output\OperationSystem (TYPES)

  VALUE           TYPE          NAME
  ----------------------------------

  -------         MODULE        TYPES
  C:0000H         SYMBOL        _ICE_DUMMY_
  D:0080H         PUBLIC        P0
  B:00B0H.6       PUBLIC        WLS_BLUE
  D:00B2H         PUBLIC        P3M0
  D:0090H         PUBLIC        P1
  D:00B1H         PUBLIC        P3M1
  D:00A0H         PUBLIC        P2
  D:00B0H         PUBLIC        P3
  D:00C0H         PUBLIC        P4
  C:9B38H         PUBLIC        _Delay1ms
  D:00C8H         PUBLIC        P5
  D:00E8H         PUBLIC        P6
  D:00F8H         PUBLIC        P7
  C:9FD3H         PUBLIC        _LedGreen
  C:003EH         PUBLIC        Delay1us
  D:00A8H         PUBLIC        IE
  C:A0F6H         PUBLIC        InitBeep
  C:9FEDH         PUBLIC        _LedYellow
  D:00B8H         PUBLIC        IP
  B:00C0H.7       PUBLIC        PP
  C:A10EH         PUBLIC        ClearWatchdog
BL51 BANKED LINKER/LOCATER V6.22                                                      01/20/2017  14:39:23  PAGE 23


  C:9FE0H         PUBLIC        _LedBlue
  D:00D8H         PUBLIC        CCON
  C:A0EFH         PUBLIC        InitLed
  B:00B0H.7       PUBLIC        COM_GREEN
  D:0098H         PUBLIC        SCON
  D:0088H         PUBLIC        TCON
  B:00C0H.5       PUBLIC        PWR_YELLOW
  D:00C7H         PUBLIC        IAP_CONTR
  X:0B0EH         PUBLIC        SysTime
  D:00C1H         PUBLIC        WDT_CONTR
  C:A0FDH         PUBLIC        _BeepAction
  C:A112H         PUBLIC        Reboot
  D:00D0H         PUBLIC        PSW
  -------         PROC          INITLED
  C:A0EFH         LINE#         7
  C:A0EFH         LINE#         8
  C:A0EFH         LINE#         9
  C:A0F5H         LINE#         10
  -------         ENDPROC       INITLED
  -------         PROC          _LEDGREEN
  D:0007H         SYMBOL        action
  C:9FD3H         LINE#         13
  C:9FD3H         LINE#         14
  C:9FD3H         LINE#         15
  C:9FD7H         LINE#         16
  C:9FDAH         LINE#         18
  C:9FDFH         LINE#         19
  -------         ENDPROC       _LEDGREEN
  -------         PROC          _LEDBLUE
  D:0007H         SYMBOL        action
  C:9FE0H         LINE#         22
  C:9FE0H         LINE#         23
  C:9FE0H         LINE#         24
  C:9FE4H         LINE#         25
  C:9FE7H         LINE#         27
  C:9FECH         LINE#         28
  -------         ENDPROC       _LEDBLUE
  -------         PROC          _LEDYELLOW
  D:0007H         SYMBOL        action
  C:9FEDH         LINE#         31
  C:9FEDH         LINE#         32
  C:9FEDH         LINE#         33
  C:9FF1H         LINE#         34
  C:9FF4H         LINE#         36
  C:9FF9H         LINE#         37
  -------         ENDPROC       _LEDYELLOW
  -------         PROC          INITBEEP
  C:A0F6H         LINE#         40
  C:A0F6H         LINE#         41
  C:A0F6H         LINE#         42
  C:A0FCH         LINE#         43
  -------         ENDPROC       INITBEEP
  -------         PROC          _BEEPACTION
  D:0007H         SYMBOL        action
  C:A0FDH         LINE#         46
  C:A0FDH         LINE#         47
  C:A0FDH         LINE#         48
BL51 BANKED LINKER/LOCATER V6.22                                                      01/20/2017  14:39:23  PAGE 24


  C:A102H         LINE#         49
  -------         ENDPROC       _BEEPACTION
  -------         PROC          CLEARWATCHDOG
  C:A10EH         LINE#         51
  C:A10EH         LINE#         52
  C:A10EH         LINE#         53
  C:A111H         LINE#         54
  -------         ENDPROC       CLEARWATCHDOG
  -------         PROC          REBOOT
  C:A112H         LINE#         57
  C:A112H         LINE#         58
  C:A112H         LINE#         59
  C:A115H         LINE#         60
  -------         ENDPROC       REBOOT
  -------         PROC          DELAY1US
  -------         DO            
  D:0007H         SYMBOL        i
  -------         ENDDO         
  C:003EH         LINE#         63
  C:003EH         LINE#         64
  C:003EH         LINE#         67
  C:0040H         LINE#         69
  C:0042H         LINE#         70
  -------         ENDPROC       DELAY1US
  -------         PROC          _DELAY1MS
  D:0006H         SYMBOL        ms
  -------         DO            
  X:0B0CH         SYMBOL        i
  X:0B0DH         SYMBOL        j
  -------         ENDDO         
  C:9B38H         LINE#         73
  C:9B38H         LINE#         74
  C:9B38H         LINE#         78
  C:9B42H         LINE#         79
  C:9B42H         LINE#         80
  C:9B43H         LINE#         81
  C:9B44H         LINE#         82
  C:9B4AH         LINE#         83
  C:9B4EH         LINE#         85
  C:9B4EH         LINE#         86
  C:9B56H         LINE#         87
  C:9B5EH         LINE#         88
  C:9B60H         LINE#         89
  -------         ENDPROC       _DELAY1MS
  -------         ENDMOD        TYPES

  -------         MODULE        TIMER0
  C:0000H         SYMBOL        _ICE_DUMMY_
  D:0080H         PUBLIC        P0
[...]
  C:290CH         LINE#         230
  C:290CH         LINE#         231
  C:2936H         LINE#         232
  C:2960H         LINE#         233
  -------         ENDPROC       _MENU_CONTROLLER
  -------         PROC          _MENU_DEVICE
  X:0000H         SYMBOL        argument
  C:A123H         LINE#         236
  C:A123H         LINE#         237
  C:A123H         LINE#         238
BL51 BANKED LINKER/LOCATER V6.22                                                      01/20/2017  14:39:23  PAGE 136


  C:A123H         LINE#         240
  -------         ENDPROC       _MENU_DEVICE
  -------         PROC          _MENU_DATA
  X:0000H         SYMBOL        argument
  C:A127H         LINE#         244
  C:A127H         LINE#         245
  C:A127H         LINE#         246
  C:A127H         LINE#         247
  -------         ENDPROC       _MENU_DATA
  -------         PROC          _MENU_UNAME
  X:0000H         SYMBOL        argument
  C:9B0EH         LINE#         250
  C:9B0EH         LINE#         251
  C:9B0EH         LINE#         252
  C:9B0EH         LINE#         262
  -------         ENDPROC       _MENU_UNAME
  -------         PROC          _MENU_REBOOT
  X:0000H         SYMBOL        argument
  C:991BH         LINE#         268
  C:991BH         LINE#         269
  C:991BH         LINE#         270
  C:991BH         LINE#         272
  C:9937H         LINE#         274
  -------         ENDPROC       _MENU_REBOOT
  -------         ENDMOD        MIDDLEWARE_MENU

  -------         MODULE        MIDDLEWARE_TASK
  C:0000H         SYMBOL        _ICE_DUMMY_
  D:0080H         PUBLIC        P0
  D:0090H         PUBLIC        P1
  D:00A0H         PUBLIC        P2
  D:00B0H         PUBLIC        P3
  C:97EBH         PUBLIC        PollDeviceTask
  D:00C0H         PUBLIC        P4
  D:00C8H         PUBLIC        P5
  D:00E8H         PUBLIC        P6
  D:00F8H         PUBLIC        P7
  D:00A8H         PUBLIC        IE
  D:00B8H         PUBLIC        IP
  D:00D8H         PUBLIC        CCON
  C:9EC0H         PUBLIC        ConsoleRunTask
  D:0098H         PUBLIC        SCON
  X:09FEH         PUBLIC        task
  D:0088H         PUBLIC        TCON
  D:00D0H         PUBLIC        PSW
  C:98EAH         PUBLIC        PeriodTask
  -------         PROC          POLLDEVICETASK
  C:97EBH         LINE#         7
  C:97EBH         LINE#         8
  C:97EBH         LINE#         9
  C:97F9H         LINE#         11
  C:97F9H         LINE#         12
  C:97FEH         LINE#         13
  C:97FEH         LINE#         14
  C:981CH         LINE#         18
  C:981EH         LINE#         19
  C:981EH         LINE#         20
BL51 BANKED LINKER/LOCATER V6.22                                                      01/20/2017  14:39:23  PAGE 137


  C:981EH         LINE#         21
  C:981FH         LINE#         22
  -------         ENDPROC       POLLDEVICETASK
  -------         PROC          CONSOLERUNTASK
  C:9EC0H         LINE#         27
  C:9EC0H         LINE#         28
  C:9EC0H         LINE#         29
  C:9ED4H         LINE#         31
  C:9ED5H         LINE#         32
  -------         ENDPROC       CONSOLERUNTASK
  -------         PROC          PERIODTASK
  C:98EAH         LINE#         37
  C:98EAH         LINE#         38
  C:98EAH         LINE#         41
  C:98F2H         LINE#         42
  C:98F2H         LINE#         43
  C:98F8H         LINE#         45
  C:98FBH         LINE#         49
  C:9919H         LINE#         50
  C:9919H         LINE#         52
  C:991AH         LINE#         53
  -------         ENDPROC       PERIODTASK
  -------         ENDMOD        MIDDLEWARE_TASK

  -------         MODULE        MIDDLEWARE_WIRELESS
  C:0000H         SYMBOL        _ICE_DUMMY_
  D:0080H         PUBLIC        P0
  D:0090H         PUBLIC        P1
  D:00A0H         PUBLIC        P2
  D:00B0H         PUBLIC        P3
  D:00C0H         PUBLIC        P4
  D:00C8H         PUBLIC        P5
  D:00E8H         PUBLIC        P6
  D:00F8H         PUBLIC        P7
  D:00A8H         PUBLIC        IE
  D:00B8H         PUBLIC        IP
  D:00D8H         PUBLIC        CCON
  D:0098H         PUBLIC        SCON
  D:0088H         PUBLIC        TCON
  C:82D4H         PUBLIC        MiddlewareWireless_FastTask
  D:00D0H         PUBLIC        PSW
  -------         PROC          MIDDLEWAREWIRELESS_FASTTASK
  -------         DO            
  X:0A94H         SYMBOL        ReceiveWireless_Command
  -------         ENDDO         
  C:82D4H         LINE#         8
  C:82D4H         LINE#         9
  C:82D4H         LINE#         12
  C:82EAH         LINE#         13
  C:82EAH         LINE#         14
  C:8314H         LINE#         16
  C:831FH         LINE#         17
  C:831FH         LINE#         18
  C:8322H         LINE#         20
  C:8340H         LINE#         22
  C:8349H         LINE#         23
  C:8349H         LINE#         24
BL51 BANKED LINKER/LOCATER V6.22                                                      01/20/2017  14:39:23  PAGE 138


  C:8349H         LINE#         25
  -------         ENDPROC       MIDDLEWAREWIRELESS_FASTTASK
  -------         ENDMOD        MIDDLEWARE_WIRELESS

  -------         MODULE        MIDDLEWARE_BOARDCAST
  C:0000H         SYMBOL        _ICE_DUMMY_
  D:0080H         PUBLIC        P0
  D:0090H         PUBLIC        P1
  D:00A0H         PUBLIC        P2
  D:00B0H         PUBLIC        P3
  D:00C0H         PUBLIC        P4
  D:00C8H         PUBLIC        P5
  D:00E8H         PUBLIC        P6
  D:00F8H         PUBLIC        P7
  D:00A8H         PUBLIC        IE
  D:00B8H         PUBLIC        IP
  D:00D8H         PUBLIC        CCON
  C:834AH         PUBLIC        MiddlewareBoardcast_FastTask
  D:0098H         PUBLIC        SCON
  D:0088H         PUBLIC        TCON
  D:00D0H         PUBLIC        PSW
  -------         PROC          MIDDLEWAREBOARDCAST_FASTTASK
  -------         DO            
  X:095EH         SYMBOL        MiddlewareBoardcast_Command
  D:0006H         SYMBOL        MiddlewareBoardcast_CommandLen
  -------         ENDDO         
  C:834AH         LINE#         9
  C:834AH         LINE#         10
  C:834AH         LINE#         13
  C:834DH         LINE#         17
  C:8377H         LINE#         21
  C:8389H         LINE#         23
  C:8389H         LINE#         24
  C:8398H         LINE#         25
  C:8398H         LINE#         26
  C:83B6H         LINE#         28
  C:83BFH         LINE#         29
  C:83BFH         LINE#         30
  C:83BFH         LINE#         32
  -------         ENDPROC       MIDDLEWAREBOARDCAST_FASTTASK
  -------         ENDMOD        MIDDLEWARE_BOARDCAST

  -------         MODULE        MIDDLEWARE_SOCKET
  C:0000H         SYMBOL        _ICE_DUMMY_
  D:0080H         PUBLIC        P0
  D:0090H         PUBLIC        P1
  D:00A0H         PUBLIC        P2
  D:00B0H         PUBLIC        P3
  D:00C0H         PUBLIC        P4
  D:00C8H         PUBLIC        P5
  D:00E8H         PUBLIC        P6
  D:00F8H         PUBLIC        P7
  D:00A8H         PUBLIC        IE
  D:00B8H         PUBLIC        IP
  D:00D8H         PUBLIC        CCON
  D:0098H         PUBLIC        SCON
  D:0088H         PUBLIC        TCON
BL51 BANKED LINKER/LOCATER V6.22                                                      01/20/2017  14:39:23  PAGE 139


  C:9FC5H         PUBLIC        MiddlewareSocket_NetworkError
  C:7908H         PUBLIC        MiddlewareSocket_FastTask
  D:00D0H         PUBLIC        PSW
  -------         PROC          MIDDLEWARESOCKET_NETWORKERROR
  C:9FC5H         LINE#         7
  C:9FC5H         LINE#         8
  C:9FC5H         LINE#         9
  C:9FCCH         LINE#         11
  C:9FD2H         LINE#         12
  -------         ENDPROC       MIDDLEWARESOCKET_NETWORKERROR
  -------         PROC          MIDDLEWARESOCKET_FASTTASK
  -------         DO            
  X:09AEH         SYMBOL        MiddlewareSocket_Command
  D:0006H         SYMBOL        MiddlewareSocket_CommandLen
  -------         ENDDO         
  C:7908H         LINE#         18
  C:7908H         LINE#         19
  C:7908H         LINE#         22
  C:790BH         LINE#         31
  C:7935H         LINE#         36
  C:795EH         LINE#         43
  C:795EH         LINE#         44
  C:796DH         LINE#         45
  C:796DH         LINE#         46
  C:798BH         LINE#         48
  C:7994H         LINE#         50
  C:7997H         LINE#         51
  C:7997H         LINE#         52
  C:7997H         LINE#         54
  -------         ENDPROC       MIDDLEWARESOCKET_FASTTASK
  -------         ENDMOD        MIDDLEWARE_SOCKET

  -------         MODULE        MAIN
  C:0000H         SYMBOL        _ICE_DUMMY_
  D:0080H         PUBLIC        P0
  D:0090H         PUBLIC        P1
  D:00A0H         PUBLIC        P2
  D:00B0H         PUBLIC        P3
  D:00C0H         PUBLIC        P4
  D:00C8H         PUBLIC        P5
  D:00E8H         PUBLIC        P6
  D:00F8H         PUBLIC        P7
  D:00A8H         PUBLIC        IE
  D:00B8H         PUBLIC        IP
  D:00D8H         PUBLIC        CCON
  C:A0E7H         PUBLIC        main
  C:6BB5H         PUBLIC        setup
  D:0098H         PUBLIC        SCON
  D:0088H         PUBLIC        TCON
  C:6847H         PUBLIC        loop
  C:92FEH         PUBLIC        fast_loop
  D:00D0H         PUBLIC        PSW
  -------         PROC          SETUP
  C:6BB5H         LINE#         31
  C:6BB5H         LINE#         32
  C:6BB5H         LINE#         35
  C:6BC1H         LINE#         37
BL51 BANKED LINKER/LOCATER V6.22                                                      01/20/2017  14:39:23  PAGE 140


  C:6BEDH         LINE#         39
  C:6C19H         LINE#         43
  C:6C43H         LINE#         49
  C:6C46H         LINE#         51
  C:6C49H         LINE#         53
  C:6C4CH         LINE#         58
  C:6C6AH         LINE#         60
  -------         ENDPROC       SETUP
  -------         PROC          FAST_LOOP
  C:92FEH         LINE#         68
  C:92FEH         LINE#         69
  C:92FEH         LINE#         70
  C:9312H         LINE#         72
  C:9326H         LINE#         76
  C:933AH         LINE#         78
  C:933DH         LINE#         82
  C:9340H         LINE#         84
  -------         ENDPROC       FAST_LOOP
  -------         PROC          LOOP
  -------         DO            
  X:0B4AH         SYMBOL        loopTime
  -------         ENDDO         
  C:6847H         LINE#         88
  C:6847H         LINE#         89
  C:6847H         LINE#         92
  C:684AH         LINE#         94
  C:68E7H         LINE#         95
  C:68E7H         LINE#         96
  C:6901H         LINE#         98
  C:6915H         LINE#         104
  C:6915H         LINE#         105
  -------         ENDPROC       LOOP
  -------         PROC          MAIN
  C:A0E7H         LINE#         112
  -------         ENDPROC       MAIN
  -------         ENDMOD        MAIN

  -------         MODULE        ?C?COPY
  C:0116H         PUBLIC        ?C?COPY
  -------         ENDMOD        ?C?COPY

  -------         MODULE        ?C?CLDPTR
  C:013CH         PUBLIC        ?C?CLDPTR
  -------         ENDMOD        ?C?CLDPTR

  -------         MODULE        ?C?CLDOPTR
  C:0155H         PUBLIC        ?C?CLDOPTR
  -------         ENDMOD        ?C?CLDOPTR

  -------         MODULE        ?C?CSTPTR
  C:0182H         PUBLIC        ?C?CSTPTR
  -------         ENDMOD        ?C?CSTPTR

  -------         MODULE        ?C?CSTOPTR
  C:0194H         PUBLIC        ?C?CSTOPTR
  -------         ENDMOD        ?C?CSTOPTR

BL51 BANKED LINKER/LOCATER V6.22                                                      01/20/2017  14:39:23  PAGE 141


  -------         MODULE        ?C?UIDIV
  C:01B6H         PUBLIC        ?C?UIDIV
  -------         ENDMOD        ?C?UIDIV

  -------         MODULE        ?C?IILDX
  C:020BH         PUBLIC        ?C?IILDX
  -------         ENDMOD        ?C?IILDX

  -------         MODULE        ?C?ILDIX
  C:0221H         PUBLIC        ?C?ILDIX
  -------         ENDMOD        ?C?ILDIX

  -------         MODULE        ?C?ILDOPTR
  C:0237H         PUBLIC        ?C?ILDOPTR
  -------         ENDMOD        ?C?ILDOPTR

  -------         MODULE        ?C?IILDOPTR
  C:026FH         PUBLIC        ?C?IILDOPTR
  -------         ENDMOD        ?C?IILDOPTR

  -------         MODULE        ?C?ISTOPTR
  C:02BCH         PUBLIC        ?C?ISTOPTR
  -------         ENDMOD        ?C?ISTOPTR

  -------         MODULE        ?C?ULDIV
  C:0325H         PUBLIC        ?C?ULDIV
  -------         ENDMOD        ?C?ULDIV

  -------         MODULE        ?C?LNOT
  C:03B7H         PUBLIC        ?C?LNOT
  -------         ENDMOD        ?C?LNOT

  -------         MODULE        ?C?ULCMP
  C:03C4H         PUBLIC        ?C?ULCMP
  -------         ENDMOD        ?C?ULCMP

  -------         MODULE        ?C?LLDOPTR
  C:03D5H         PUBLIC        ?C?LLDOPTR
  -------         ENDMOD        ?C?LLDOPTR

  -------         MODULE        ?C?LSTOPTR
  C:0405H         PUBLIC        ?C?LSTOPTR
  -------         ENDMOD        ?C?LSTOPTR

  -------         MODULE        ?C?LLDOPTR0
  C:0429H         PUBLIC        ?C?LLDOPTR0
  -------         ENDMOD        ?C?LLDOPTR0

  -------         MODULE        ?C?LSTXDATA
  C:0459H         PUBLIC        ?C?LSTXDATA
  -------         ENDMOD        ?C?LSTXDATA

  -------         MODULE        ?C?LSTKXDATA
  C:0465H         PUBLIC        ?C?LSTKXDATA
  -------         ENDMOD        ?C?LSTKXDATA

  -------         MODULE        ?C?LSTKOPTR
BL51 BANKED LINKER/LOCATER V6.22                                                      01/20/2017  14:39:23  PAGE 142


  C:0496H         PUBLIC        ?C?LSTKOPTR
  -------         ENDMOD        ?C?LSTKOPTR

  -------         MODULE        ?C?OFFXADD
  C:04BAH         PUBLIC        ?C?OFFXADD
  -------         ENDMOD        ?C?OFFXADD

  -------         MODULE        ?C?PLDPTR
  C:04C6H         PUBLIC        ?C?PLDPTR
  -------         ENDMOD        ?C?PLDPTR

  -------         MODULE        ?C?PSTPTR
  C:04E6H         PUBLIC        ?C?PSTPTR
  -------         ENDMOD        ?C?PSTPTR

  -------         MODULE        ?C?PLDOPTR
  C:0535H         PUBLIC        ?C?PLDOPTR
  -------         ENDMOD        ?C?PLDOPTR

  -------         MODULE        ?C?PSTOPTR
  C:0565H         PUBLIC        ?C?PSTOPTR
  -------         ENDMOD        ?C?PSTOPTR

  -------         MODULE        ?C?CCASE
  C:05BEH         PUBLIC        ?C?CCASE
  -------         ENDMOD        ?C?CCASE

  -------         MODULE        ?C?ICALL
  C:05E4H         PUBLIC        ?C?ICALL
  C:05E8H         PUBLIC        ?C?ICALL2
  -------         ENDMOD        ?C?ICALL

  -------         MODULE        PRINTF
  X:0A2BH         PUBLIC        ?_PRINTF517?BYTE
  X:0A2BH         PUBLIC        ?_PRINTF?BYTE
  X:0A2BH         PUBLIC        ?_SPRINTF517?BYTE
  X:0A2BH         PUBLIC        ?_SPRINTF?BYTE
  C:1D02H         PUBLIC        _PRINTF
  C:1D02H         PUBLIC        _PRINTF517
  C:1CFCH         PUBLIC        _SPRINTF
  C:1CFCH         PUBLIC        _SPRINTF517
  -------         ENDMOD        PRINTF

  -------         MODULE        ?C?STRCMP
  C:0768H         PUBLIC        ?C?STRCMP
  -------         ENDMOD        ?C?STRCMP

  -------         MODULE        STRNCPY
  X:0A30H         PUBLIC        ?_strncpy?BYTE
  C:85F3H         PUBLIC        _strncpy
  -------         ENDMOD        STRNCPY

  -------         MODULE        STRLEN
  C:9F00H         PUBLIC        _STRLEN
  -------         ENDMOD        STRLEN

  -------         MODULE        STRSTR
BL51 BANKED LINKER/LOCATER V6.22                                                      01/20/2017  14:39:23  PAGE 143


  X:0A30H         PUBLIC        ?_strstr?BYTE
  C:6EE9H         PUBLIC        _strstr
  -------         ENDMOD        STRSTR

  -------         MODULE        STRTOK
  X:0A32H         PUBLIC        ?_strtok?BYTE
  C:6763H         PUBLIC        _strtok
  -------         ENDMOD        STRTOK

  -------         MODULE        ?C?MEMCMP
  C:090BH         PUBLIC        ?C?MEMCMP
  -------         ENDMOD        ?C?MEMCMP

  -------         MODULE        ?C?MEMSET
  C:092FH         PUBLIC        ?C?MEMSET
  -------         ENDMOD        ?C?MEMSET

  -------         MODULE        ?C?LLDIDATA
  C:095BH         PUBLIC        ?C?LLDIDATA
  -------         ENDMOD        ?C?LLDIDATA

  -------         MODULE        ?C?LLDXDATA
  C:0967H         PUBLIC        ?C?LLDXDATA
  -------         ENDMOD        ?C?LLDXDATA

  -------         MODULE        ?C?LLDPDATA
  C:0973H         PUBLIC        ?C?LLDPDATA
  -------         ENDMOD        ?C?LLDPDATA

  -------         MODULE        ?C?LLDCODE
  C:097FH         PUBLIC        ?C?LLDCODE
  -------         ENDMOD        ?C?LLDCODE

  -------         MODULE        ?C?LLDIDATA0
  C:098FH         PUBLIC        ?C?LLDIDATA0
  -------         ENDMOD        ?C?LLDIDATA0

  -------         MODULE        ?C?LLDXDATA0
  C:099CH         PUBLIC        ?C?LLDXDATA0
  -------         ENDMOD        ?C?LLDXDATA0

  -------         MODULE        ?C?LLDPDATA0
  C:09A8H         PUBLIC        ?C?LLDPDATA0
  -------         ENDMOD        ?C?LLDPDATA0

  -------         MODULE        ?C?LLDCODE0
  C:09B5H         PUBLIC        ?C?LLDCODE0
  -------         ENDMOD        ?C?LLDCODE0

  -------         MODULE        ?C?LSTIDATA
  C:09C5H         PUBLIC        ?C?LSTIDATA
  -------         ENDMOD        ?C?LSTIDATA

  -------         MODULE        ?C?LSTPDATA
  C:09D1H         PUBLIC        ?C?LSTPDATA
  -------         ENDMOD        ?C?LSTPDATA

BL51 BANKED LINKER/LOCATER V6.22                                                      01/20/2017  14:39:23  PAGE 144


  -------         MODULE        ?C?LSTKIDATA
  C:09DDH         PUBLIC        ?C?LSTKIDATA
  -------         ENDMOD        ?C?LSTKIDATA

  -------         MODULE        ?C?LSTKPDATA
  C:09F6H         PUBLIC        ?C?LSTKPDATA
  -------         ENDMOD        ?C?LSTKPDATA

  -------         MODULE        ?C?PLDIDATA
  C:0A0FH         PUBLIC        ?C?PLDIDATA
  -------         ENDMOD        ?C?PLDIDATA

  -------         MODULE        ?C?PSTIDATA
  C:0A18H         PUBLIC        ?C?PSTIDATA
  -------         ENDMOD        ?C?PSTIDATA

  -------         MODULE        ?C?PLDXDATA
  C:0A21H         PUBLIC        ?C?PLDXDATA
  -------         ENDMOD        ?C?PLDXDATA

  -------         MODULE        ?C?PLDIXDATA
  C:0A2AH         PUBLIC        ?C?PLDIXDATA
  -------         ENDMOD        ?C?PLDIXDATA

  -------         MODULE        ?C?PSTXDATA
  C:0A41H         PUBLIC        ?C?PSTXDATA
  -------         ENDMOD        ?C?PSTXDATA

  -------         MODULE        ?C?PLDPDATA
  C:0A4AH         PUBLIC        ?C?PLDPDATA
  -------         ENDMOD        ?C?PLDPDATA

  -------         MODULE        ?C?PSTPDATA
  C:0A53H         PUBLIC        ?C?PSTPDATA
  -------         ENDMOD        ?C?PSTPDATA

  -------         MODULE        ?C?PLDCODE
  C:0A5CH         PUBLIC        ?C?PLDCODE
  -------         ENDMOD        ?C?PLDCODE

  -------         MODULE        STRSPN
  X:0A38H         PUBLIC        ?_strspn?BYTE
  C:7E72H         PUBLIC        _strspn
  -------         ENDMOD        STRSPN

  -------         MODULE        STRPBRK
  X:0A38H         PUBLIC        ?_strpbrk?BYTE
  C:7EF6H         PUBLIC        _strpbrk
  -------         ENDMOD        STRPBRK

Program Size: data=16.7 xdata=3001 code=41256
LINK/LOCATE RUN COMPLETE.  0 WARNING(S),  0 ERROR(S)
